Component: ARM Compiler 5.05 update 1 (build 106) Tool: armlink [4d0efa]

==============================================================================

Section Cross References

    main.o(.text) refers to delay.o(.text) for delay_init
    main.o(.text) refers to usart.o(.text) for uart_init
    main.o(.text) refers to adc.o(.text) for Adc_Init
    main.o(.text) refers to pwm.o(.text) for TIM3_PWM_Init
    main.o(.text) refers to motor.o(.text) for Motor_BSP_Init
    main.o(.text) refers to timer.o(.text) for Timer5_Init
    main.o(.text) refers to encoder.o(.text) for TIM4_Init
    main.o(.text) refers to pid.o(.text) for Set_PID_Angle
    main.o(.text) refers to key.o(.text) for KEY_Init
    main.o(.text) refers to usmart_config.o(.data) for usmart_dev
    main.o(.text) refers to timer.o(.data) for Angle
    main.o(.text) refers to pid.o(.data) for ZHONGZHI
    main.o(.text) refers to main.o(.data) for KEY_MODE
    system_stm32f10x.o(.text) refers to system_stm32f10x.o(.data) for SystemCoreClock
    startup_stm32f10x_hd.o(STACK) refers (Special) to heapauxi.o(.text) for __use_two_region_memory
    startup_stm32f10x_hd.o(HEAP) refers (Special) to heapauxi.o(.text) for __use_two_region_memory
    startup_stm32f10x_hd.o(RESET) refers (Special) to heapauxi.o(.text) for __use_two_region_memory
    startup_stm32f10x_hd.o(RESET) refers to startup_stm32f10x_hd.o(STACK) for __initial_sp
    startup_stm32f10x_hd.o(RESET) refers to startup_stm32f10x_hd.o(.text) for Reset_Handler
    startup_stm32f10x_hd.o(RESET) refers to stm32f10x_it.o(.text) for NMI_Handler
    startup_stm32f10x_hd.o(RESET) refers to encoder.o(.text) for TIM4_IRQHandler
    startup_stm32f10x_hd.o(RESET) refers to usart.o(.text) for USART1_IRQHandler
    startup_stm32f10x_hd.o(RESET) refers to timer.o(.text) for TIM5_IRQHandler
    startup_stm32f10x_hd.o(RESET) refers to usmart.o(.text) for TIM6_IRQHandler
    startup_stm32f10x_hd.o(.text) refers (Special) to heapauxi.o(.text) for __use_two_region_memory
    startup_stm32f10x_hd.o(.text) refers to system_stm32f10x.o(.text) for SystemInit
    startup_stm32f10x_hd.o(.text) refers to __main.o(!!!main) for __main
    startup_stm32f10x_hd.o(.text) refers to startup_stm32f10x_hd.o(HEAP) for Heap_Mem
    startup_stm32f10x_hd.o(.text) refers to startup_stm32f10x_hd.o(STACK) for Stack_Mem
    stm32f10x_adc.o(.text) refers to stm32f10x_rcc.o(.text) for RCC_APB2PeriphResetCmd
    stm32f10x_bkp.o(.text) refers to stm32f10x_rcc.o(.text) for RCC_BackupResetCmd
    stm32f10x_can.o(.text) refers to stm32f10x_rcc.o(.text) for RCC_APB1PeriphResetCmd
    stm32f10x_cec.o(.text) refers to stm32f10x_rcc.o(.text) for RCC_APB1PeriphResetCmd
    stm32f10x_dac.o(.text) refers to stm32f10x_rcc.o(.text) for RCC_APB1PeriphResetCmd
    stm32f10x_gpio.o(.text) refers to stm32f10x_rcc.o(.text) for RCC_APB2PeriphResetCmd
    stm32f10x_i2c.o(.text) refers to stm32f10x_rcc.o(.text) for RCC_APB1PeriphResetCmd
    stm32f10x_pwr.o(.text) refers to stm32f10x_rcc.o(.text) for RCC_APB1PeriphResetCmd
    stm32f10x_rcc.o(.text) refers to stm32f10x_rcc.o(.data) for APBAHBPrescTable
    stm32f10x_spi.o(.text) refers to stm32f10x_rcc.o(.text) for RCC_APB2PeriphResetCmd
    stm32f10x_tim.o(.text) refers to stm32f10x_rcc.o(.text) for RCC_APB2PeriphResetCmd
    stm32f10x_usart.o(.text) refers to stm32f10x_rcc.o(.text) for RCC_APB2PeriphResetCmd
    stm32f10x_wwdg.o(.text) refers to stm32f10x_rcc.o(.text) for RCC_APB1PeriphResetCmd
    delay.o(.text) refers to misc.o(.text) for SysTick_CLKSourceConfig
    delay.o(.text) refers to system_stm32f10x.o(.data) for SystemCoreClock
    delay.o(.text) refers to delay.o(.data) for fac_us
    usart.o(.text) refers (Special) to use_no_semi_2.o(.text) for __use_no_semihosting
    usart.o(.text) refers to stm32f10x_rcc.o(.text) for RCC_APB2PeriphClockCmd
    usart.o(.text) refers to stm32f10x_gpio.o(.text) for GPIO_Init
    usart.o(.text) refers to misc.o(.text) for NVIC_Init
    usart.o(.text) refers to stm32f10x_usart.o(.text) for USART_Init
    usart.o(.text) refers to usart.o(.data) for USART_RX_STA
    usart.o(.text) refers to usart.o(.bss) for USART_RX_BUF
    usart.o(.bss) refers (Special) to use_no_semi_2.o(.text) for __use_no_semihosting
    usart.o(.data) refers (Special) to use_no_semi_2.o(.text) for __use_no_semihosting
    encoder.o(.text) refers to stm32f10x_rcc.o(.text) for RCC_APB2PeriphClockCmd
    encoder.o(.text) refers to stm32f10x_gpio.o(.text) for GPIO_StructInit
    encoder.o(.text) refers to stm32f10x_tim.o(.text) for TIM_DeInit
    adc.o(.text) refers to stm32f10x_rcc.o(.text) for RCC_APB2PeriphClockCmd
    adc.o(.text) refers to stm32f10x_gpio.o(.text) for GPIO_Init
    adc.o(.text) refers to stm32f10x_adc.o(.text) for ADC_DeInit
    adc.o(.text) refers to dflt_clz.o(x$fpl$dflt) for __aeabi_i2d
    adc.o(.text) refers to ddiv.o(x$fpl$ddiv) for __aeabi_ddiv
    adc.o(.text) refers to dfix.o(x$fpl$dfix) for __aeabi_d2iz
[...]
    ..\STM32F10x_FWLib\src\stm32f10x_iwdg.c  0x00000000   Number         0  stm32f10x_iwdg.o ABSOLUTE
    ..\STM32F10x_FWLib\src\stm32f10x_pwr.c   0x00000000   Number         0  stm32f10x_pwr.o ABSOLUTE
    ..\STM32F10x_FWLib\src\stm32f10x_rcc.c   0x00000000   Number         0  stm32f10x_rcc.o ABSOLUTE
    ..\STM32F10x_FWLib\src\stm32f10x_rtc.c   0x00000000   Number         0  stm32f10x_rtc.o ABSOLUTE
    ..\STM32F10x_FWLib\src\stm32f10x_sdio.c  0x00000000   Number         0  stm32f10x_sdio.o ABSOLUTE
    ..\STM32F10x_FWLib\src\stm32f10x_spi.c   0x00000000   Number         0  stm32f10x_spi.o ABSOLUTE
    ..\STM32F10x_FWLib\src\stm32f10x_tim.c   0x00000000   Number         0  stm32f10x_tim.o ABSOLUTE
    ..\STM32F10x_FWLib\src\stm32f10x_usart.c 0x00000000   Number         0  stm32f10x_usart.o ABSOLUTE
    ..\STM32F10x_FWLib\src\stm32f10x_wwdg.c  0x00000000   Number         0  stm32f10x_wwdg.o ABSOLUTE
    ..\SYSTEM\delay\delay.c                  0x00000000   Number         0  delay.o ABSOLUTE
    ..\SYSTEM\sys\sys.c                      0x00000000   Number         0  sys.o ABSOLUTE
    ..\SYSTEM\usart\usart.c                  0x00000000   Number         0  usart.o ABSOLUTE
    ..\USMART\usmart.c                       0x00000000   Number         0  usmart.o ABSOLUTE
    ..\USMART\usmart_config.c                0x00000000   Number         0  usmart_config.o ABSOLUTE
    ..\USMART\usmart_str.c                   0x00000000   Number         0  usmart_str.o ABSOLUTE
    ..\\CORE\\core_cm3.c                     0x00000000   Number         0  core_cm3.o ABSOLUTE
    ..\\SYSTEM\\sys\\sys.c                   0x00000000   Number         0  sys.o ABSOLUTE
    dc.s                                     0x00000000   Number         0  dc.o ABSOLUTE
    main.c                                   0x00000000   Number         0  main.o ABSOLUTE
    stm32f10x_it.c                           0x00000000   Number         0  stm32f10x_it.o ABSOLUTE
    system_stm32f10x.c                       0x00000000   Number         0  system_stm32f10x.o ABSOLUTE
    RESET                                    0x08000000   Section      304  startup_stm32f10x_hd.o(RESET)
    !!!main                                  0x08000130   Section        8  __main.o(!!!main)
    !!!scatter                               0x08000138   Section       52  __scatter.o(!!!scatter)
    !!dczerorl2                              0x0800016c   Section       90  __dczerorl2.o(!!dczerorl2)
    !!handler_zi                             0x080001c8   Section       28  __scatter_zi.o(!!handler_zi)
    .ARM.Collect$$_printf_percent$$00000000  0x080001e4   Section        0  _printf_percent.o(.ARM.Collect$$_printf_percent$$00000000)
    .ARM.Collect$$_printf_percent$$00000009  0x080001e4   Section        6  _printf_d.o(.ARM.Collect$$_printf_percent$$00000009)
    .ARM.Collect$$_printf_percent$$0000000A  0x080001ea   Section        6  _printf_u.o(.ARM.Collect$$_printf_percent$$0000000A)
    .ARM.Collect$$_printf_percent$$0000000C  0x080001f0   Section        6  _printf_x.o(.ARM.Collect$$_printf_percent$$0000000C)
    .ARM.Collect$$_printf_percent$$00000013  0x080001f6   Section        6  _printf_c.o(.ARM.Collect$$_printf_percent$$00000013)
    .ARM.Collect$$_printf_percent$$00000014  0x080001fc   Section        6  _printf_s.o(.ARM.Collect$$_printf_percent$$00000014)
    .ARM.Collect$$_printf_percent$$00000017  0x08000202   Section        4  _printf_percent_end.o(.ARM.Collect$$_printf_percent$$00000017)
    .ARM.Collect$$libinit$$00000000          0x08000206   Section        2  libinit.o(.ARM.Collect$$libinit$$00000000)
    .ARM.Collect$$libinit$$00000002          0x08000208   Section        0  libinit2.o(.ARM.Collect$$libinit$$00000002)
    .ARM.Collect$$libinit$$00000004          0x08000208   Section        0  libinit2.o(.ARM.Collect$$libinit$$00000004)
    .ARM.Collect$$libinit$$0000000A          0x08000208   Section        0  libinit2.o(.ARM.Collect$$libinit$$0000000A)
    .ARM.Collect$$libinit$$0000000C          0x08000208   Section        0  libinit2.o(.ARM.Collect$$libinit$$0000000C)
    .ARM.Collect$$libinit$$0000000E          0x08000208   Section        0  libinit2.o(.ARM.Collect$$libinit$$0000000E)
    .ARM.Collect$$libinit$$00000011          0x08000208   Section        0  libinit2.o(.ARM.Collect$$libinit$$00000011)
    .ARM.Collect$$libinit$$00000013          0x08000208   Section        0  libinit2.o(.ARM.Collect$$libinit$$00000013)
    .ARM.Collect$$libinit$$00000015          0x08000208   Section        0  libinit2.o(.ARM.Collect$$libinit$$00000015)
    .ARM.Collect$$libinit$$00000017          0x08000208   Section        0  libinit2.o(.ARM.Collect$$libinit$$00000017)
    .ARM.Collect$$libinit$$00000019          0x08000208   Section        0  libinit2.o(.ARM.Collect$$libinit$$00000019)
    .ARM.Collect$$libinit$$0000001B          0x08000208   Section        0  libinit2.o(.ARM.Collect$$libinit$$0000001B)
    .ARM.Collect$$libinit$$0000001D          0x08000208   Section        0  libinit2.o(.ARM.Collect$$libinit$$0000001D)
    .ARM.Collect$$libinit$$0000001F          0x08000208   Section        0  libinit2.o(.ARM.Collect$$libinit$$0000001F)
    .ARM.Collect$$libinit$$00000021          0x08000208   Section        0  libinit2.o(.ARM.Collect$$libinit$$00000021)
    .ARM.Collect$$libinit$$00000023          0x08000208   Section        0  libinit2.o(.ARM.Collect$$libinit$$00000023)
    .ARM.Collect$$libinit$$00000025          0x08000208   Section        0  libinit2.o(.ARM.Collect$$libinit$$00000025)
    .ARM.Collect$$libinit$$0000002C          0x08000208   Section        0  libinit2.o(.ARM.Collect$$libinit$$0000002C)
    .ARM.Collect$$libinit$$0000002E          0x08000208   Section        0  libinit2.o(.ARM.Collect$$libinit$$0000002E)
    .ARM.Collect$$libinit$$00000030          0x08000208   Section        0  libinit2.o(.ARM.Collect$$libinit$$00000030)
    .ARM.Collect$$libinit$$00000032          0x08000208   Section        0  libinit2.o(.ARM.Collect$$libinit$$00000032)
    .ARM.Collect$$libinit$$00000033          0x08000208   Section        2  libinit2.o(.ARM.Collect$$libinit$$00000033)
    .ARM.Collect$$libshutdown$$00000000      0x0800020a   Section        2  libshutdown.o(.ARM.Collect$$libshutdown$$00000000)
    .ARM.Collect$$libshutdown$$00000003      0x0800020c   Section        0  libshutdown2.o(.ARM.Collect$$libshutdown$$00000003)
    .ARM.Collect$$libshutdown$$00000006      0x0800020c   Section        0  libshutdown2.o(.ARM.Collect$$libshutdown$$00000006)
    .ARM.Collect$$libshutdown$$00000009      0x0800020c   Section        0  libshutdown2.o(.ARM.Collect$$libshutdown$$00000009)
    .ARM.Collect$$libshutdown$$0000000B      0x0800020c   Section        0  libshutdown2.o(.ARM.Collect$$libshutdown$$0000000B)
    .ARM.Collect$$libshutdown$$0000000E      0x0800020c   Section        0  libshutdown2.o(.ARM.Collect$$libshutdown$$0000000E)
    .ARM.Collect$$libshutdown$$0000000F      0x0800020c   Section        2  libshutdown2.o(.ARM.Collect$$libshutdown$$0000000F)
    .ARM.Collect$$rtentry$$00000000          0x0800020e   Section        0  __rtentry.o(.ARM.Collect$$rtentry$$00000000)
    .ARM.Collect$$rtentry$$00000002          0x0800020e   Section        0  __rtentry2.o(.ARM.Collect$$rtentry$$00000002)
    .ARM.Collect$$rtentry$$00000004          0x0800020e   Section        6  __rtentry4.o(.ARM.Collect$$rtentry$$00000004)
    .ARM.Collect$$rtentry$$00000009          0x08000214   Section        0  __rtentry2.o(.ARM.Collect$$rtentry$$00000009)
    .ARM.Collect$$rtentry$$0000000A          0x08000214   Section        4  __rtentry2.o(.ARM.Collect$$rtentry$$0000000A)
    .ARM.Collect$$rtentry$$0000000C          0x08000218   Section        0  __rtentry2.o(.ARM.Collect$$rtentry$$0000000C)
    .ARM.Collect$$rtentry$$0000000D          0x08000218   Section        8  __rtentry2.o(.ARM.Collect$$rtentry$$0000000D)
    .ARM.Collect$$rtexit$$00000000           0x08000220   Section        2  rtexit.o(.ARM.Collect$$rtexit$$00000000)
    .ARM.Collect$$rtexit$$00000002           0x08000222   Section        0  rtexit2.o(.ARM.Collect$$rtexit$$00000002)
    .ARM.Collect$$rtexit$$00000003           0x08000222   Section        4  rtexit2.o(.ARM.Collect$$rtexit$$00000003)
    .ARM.Collect$$rtexit$$00000004           0x08000226   Section        6  rtexit2.o(.ARM.Collect$$rtexit$$00000004)
    .text                                    0x0800022c   Section        0  main.o(.text)
    .text                                    0x08000304   Section        0  stm32f10x_it.o(.text)
    .text                                    0x08000320   Section        0  system_stm32f10x.o(.text)
    SetSysClockTo72                          0x08000321   Thumb Code   214  system_stm32f10x.o(.text)
    SetSysClock                              0x080003f7   Thumb Code     8  system_stm32f10x.o(.text)
    .text                                    0x08000500   Section       64  startup_stm32f10x_hd.o(.text)
    .text                                    0x08000540   Section        0  misc.o(.text)
    .text                                    0x0800061c   Section        0  stm32f10x_adc.o(.text)
    .text                                    0x08000a6c   Section        0  stm32f10x_gpio.o(.text)
    .text                                    0x08000dc8   Section        0  stm32f10x_rcc.o(.text)
    .text                                    0x0800116c   Section        0  stm32f10x_tim.o(.text)
    TI4_Config                               0x08001613   Thumb Code   130  stm32f10x_tim.o(.text)
    TI3_Config                               0x080016a7   Thumb Code   122  stm32f10x_tim.o(.text)
    TI2_Config                               0x0800173b   Thumb Code   130  stm32f10x_tim.o(.text)
    TI1_Config                               0x080017cf   Thumb Code   108  stm32f10x_tim.o(.text)
    .text                                    0x08001f88   Section        0  stm32f10x_usart.o(.text)
    .text                                    0x08002390   Section        0  delay.o(.text)
    .text                                    0x08002464   Section        0  usart.o(.text)
    .text                                    0x080025a4   Section        0  encoder.o(.text)
    .text                                    0x08002704   Section        0  adc.o(.text)
    .text                                    0x0800287c   Section        0  motor.o(.text)
    .text                                    0x0800293c   Section        0  timer.o(.text)
    .text                                    0x08002c20   Section        0  key.o(.text)
    .text                                    0x08002da0   Section        0  pid.o(.text)
    .text                                    0x08002f50   Section        0  pwm.o(.text)
    .text                                    0x08002ff4   Section        0  usmart.o(.text)
    .text                                    0x08003c20   Section        0  usmart_str.o(.text)
    .text                                    0x08004148   Section        2  use_no_semi_2.o(.text)
    .text                                    0x0800414c   Section        0  noretval__2printf.o(.text)
    .text                                    0x08004164   Section        0  _printf_pad.o(.text)
    .text                                    0x080041b2   Section        0  _printf_str.o(.text)
    .text                                    0x08004204   Section        0  _printf_dec.o(.text)
    .text                                    0x0800427c   Section        0  _printf_hex_int.o(.text)
    .text                                    0x080042d4   Section        0  __printf_flags_ss_wp.o(.text)
    .text                                    0x0800445c   Section        0  heapauxi.o(.text)
    .text                                    0x08004462   Section        2  use_no_semi.o(.text)
    .text                                    0x08004464   Section        0  _printf_intcommon.o(.text)
    .text                                    0x08004516   Section        0  _printf_char.o(.text)
    .text                                    0x08004544   Section        0  _printf_char_file.o(.text)
    .text                                    0x08004568   Section        0  _printf_char_common.o(.text)
    _printf_input_char                       0x08004569   Thumb Code    10  _printf_char_common.o(.text)
    .text                                    0x08004598   Section        0  ferror.o(.text)
    .text                                    0x080045a0   Section       74  sys_stackheap_outer.o(.text)
    .text                                    0x080045ea   Section        0  exit.o(.text)
    .text                                    0x080045f8   Section        8  libspace.o(.text)
    i._is_digit                              0x08004600   Section        0  __printf_wp.o(i._is_digit)
    x$fpl$d2f                                0x08004610   Section       98  d2f.o(x$fpl$d2f)
    x$fpl$dadd                               0x08004674   Section      336  daddsub_clz.o(x$fpl$dadd)
    _dadd1                                   0x08004685   Thumb Code     0  daddsub_clz.o(x$fpl$dadd)
    x$fpl$ddiv                               0x080047c4   Section      688  ddiv.o(x$fpl$ddiv)
    ddiv_entry                               0x080047cb   Thumb Code     0  ddiv.o(x$fpl$ddiv)
    x$fpl$dfix                               0x08004a74   Section       94  dfix.o(x$fpl$dfix)
    x$fpl$dflt                               0x08004ad2   Section       46  dflt_clz.o(x$fpl$dflt)
    x$fpl$dmul                               0x08004b00   Section      340  dmul.o(x$fpl$dmul)
    x$fpl$dnaninf                            0x08004c54   Section      156  dnaninf.o(x$fpl$dnaninf)
    x$fpl$dretinf                            0x08004cf0   Section       12  dretinf.o(x$fpl$dretinf)
    x$fpl$dsub                               0x08004cfc   Section      468  daddsub_clz.o(x$fpl$dsub)
    _dsub1                                   0x08004d0d   Thumb Code     0  daddsub_clz.o(x$fpl$dsub)
    x$fpl$f2d                                0x08004ed0   Section       86  f2d.o(x$fpl$f2d)
    x$fpl$fadd                               0x08004f28   Section      196  faddsub_clz.o(x$fpl$fadd)
    _fadd1                                   0x08004f37   Thumb Code     0  faddsub_clz.o(x$fpl$fadd)
    x$fpl$fcmpinf                            0x08004fec   Section       24  fcmpi.o(x$fpl$fcmpinf)
    x$fpl$ffix                               0x08005004   Section       54  ffix.o(x$fpl$ffix)
    x$fpl$ffixu                              0x0800503c   Section       62  ffixu.o(x$fpl$ffixu)
    x$fpl$fflt                               0x0800507c   Section       48  fflt_clz.o(x$fpl$fflt)
    x$fpl$fleqf                              0x080050ac   Section      104  fleqf.o(x$fpl$fleqf)
    x$fpl$fmul                               0x08005114   Section      258  fmul.o(x$fpl$fmul)
    x$fpl$fnaninf                            0x08005216   Section      140  fnaninf.o(x$fpl$fnaninf)
    x$fpl$fretinf                            0x080052a2   Section       10  fretinf.o(x$fpl$fretinf)
    x$fpl$frleqf                             0x080052ac   Section       98  frleqf.o(x$fpl$frleqf)
    x$fpl$frsb                               0x0800530e   Section       20  faddsub_clz.o(x$fpl$frsb)
    x$fpl$fsub                               0x08005324   Section      234  faddsub_clz.o(x$fpl$fsub)
    _fsub1                                   0x08005333   Thumb Code     0  faddsub_clz.o(x$fpl$fsub)
    .constdata                               0x0800540e   Section       40  _printf_hex_int.o(.constdata)
    x$fpl$usenofp                            0x0800540e   Section        0  usenofp.o(x$fpl$usenofp)
    uc_hextab                                0x0800540e   Data          20  _printf_hex_int.o(.constdata)
    lc_hextab                                0x08005422   Data          20  _printf_hex_int.o(.constdata)
    .constdata                               0x08005436   Section       17  __printf_flags_ss_wp.o(.constdata)
    maptable                                 0x08005436   Data          17  __printf_flags_ss_wp.o(.constdata)
    .conststring                             0x08005448   Section       40  usmart.o(.conststring)
    .conststring                             0x08005470   Section      182  usmart_config.o(.conststring)
    .data                                    0x20000000   Section       12  main.o(.data)
    .data                                    0x2000000c   Section       20  system_stm32f10x.o(.data)
    .data                                    0x20000020   Section       20  stm32f10x_rcc.o(.data)
    APBAHBPrescTable                         0x20000020   Data          16  stm32f10x_rcc.o(.data)
    ADCPrescTable                            0x20000030   Data           4  stm32f10x_rcc.o(.data)
    .data                                    0x20000034   Section        4  delay.o(.data)
    fac_us                                   0x20000034   Data           1  delay.o(.data)
    fac_ms                                   0x20000036   Data           2  delay.o(.data)
    .data                                    0x20000038   Section        6  usart.o(.data)
    .data                                    0x20000040   Section       64  timer.o(.data)
    .data                                    0x20000080   Section        1  key.o(.data)
    key_up                                   0x20000080   Data           1  key.o(.data)
    .data                                    0x20000084   Section       52  pid.o(.data)
    Last_Bias                                0x2000009c   Data           4  pid.o(.data)
    D_Bias                                   0x200000a0   Data           4  pid.o(.data)
    Position_PWM                             0x200000a4   Data           4  pid.o(.data)
    Last_Position                            0x200000a8   Data           4  pid.o(.data)
    Position_Bias                            0x200000ac   Data           4  pid.o(.data)
    Position_Differential                    0x200000b0   Data           4  pid.o(.data)
    Position_Least                           0x200000b4   Data           4  pid.o(.data)
    .data                                    0x200000b8   Section       28  usmart.o(.data)
    .data                                    0x200000d4   Section      292  usmart_config.o(.data)
    .bss                                     0x200001f8   Section      200  usart.o(.bss)
    .bss                                     0x200002c0   Section       96  libspace.o(.bss)
    HEAP                                     0x20000320   Section      512  startup_stm32f10x_hd.o(HEAP)
    Heap_Mem                                 0x20000320   Data         512  startup_stm32f10x_hd.o(HEAP)
    STACK                                    0x20000520   Section     1024  startup_stm32f10x_hd.o(STACK)
    Stack_Mem                                0x20000520   Data        1024  startup_stm32f10x_hd.o(STACK)
    __initial_sp                             0x20000920   Data           0  startup_stm32f10x_hd.o(STACK)

    Global Symbols

    Symbol Name                              Value     Ov Type        Size  Object(Section)

    BuildAttributes$$THM_ISAv4$P$D$K$B$S$PE$A:L22UL41UL21$X:L11$S22US41US21$IEEE1$IW$USESV6$~STKCKD$USESV7$~SHL$OSPACE$ROPI$EBA8$UX$STANDARDLIB$REQ8$PRES8$EABIv2 0x00000000   Number         0  anon$$obj.o ABSOLUTE
    __ARM_use_no_argv                        0x00000000   Number         0  main.o ABSOLUTE
    _printf_flags                            0x00000000   Number         0  printf_stubs.o ABSOLUTE
    _printf_return_value                     0x00000000   Number         0  printf_stubs.o ABSOLUTE
    _printf_sizespec                         0x00000000   Number         0  printf_stubs.o ABSOLUTE
    _printf_widthprec                        0x00000000   Number         0  printf_stubs.o ABSOLUTE
    __ARM_exceptions_init                     - Undefined Weak Reference
    __alloca_initialize                       - Undefined Weak Reference
    __arm_preinit_                            - Undefined Weak Reference
    __cpp_initialize__aeabi_                  - Undefined Weak Reference
    __cxa_finalize                            - Undefined Weak Reference
    __rt_locale                               - Undefined Weak Reference
    __sigvec_lookup                           - Undefined Weak Reference
    _atexit_init                              - Undefined Weak Reference
    _call_atexit_fns                          - Undefined Weak Reference
    _clock_init                               - Undefined Weak Reference
    _fp_trap_init                             - Undefined Weak Reference
    _fp_trap_shutdown                         - Undefined Weak Reference
    _get_lc_collate                           - Undefined Weak Reference
    _get_lc_ctype                             - Undefined Weak Reference
    _get_lc_monetary                          - Undefined Weak Reference
    _get_lc_numeric                           - Undefined Weak Reference
    _get_lc_time                              - Undefined Weak Reference
    _getenv_init                              - Undefined Weak Reference
    _handle_redirection                       - Undefined Weak Reference
    _init_alloc                               - Undefined Weak Reference
    _init_user_alloc                          - Undefined Weak Reference
    _initio                                   - Undefined Weak Reference
    _mutex_acquire                            - Undefined Weak Reference
    _mutex_release                            - Undefined Weak Reference
    _printf_mbtowc                            - Undefined Weak Reference
    _printf_truncate_signed                   - Undefined Weak Reference
    _printf_truncate_unsigned                 - Undefined Weak Reference
    _rand_init                                - Undefined Weak Reference
    _signal_finish                            - Undefined Weak Reference
    _signal_init                              - Undefined Weak Reference
    _terminate_alloc                          - Undefined Weak Reference
    _terminate_user_alloc                     - Undefined Weak Reference
    _terminateio                              - Undefined Weak Reference
    __Vectors_Size                           0x00000130   Number         0  startup_stm32f10x_hd.o ABSOLUTE
    __Vectors                                0x08000000   Data           4  startup_stm32f10x_hd.o(RESET)
    __Vectors_End                            0x08000130   Data           0  startup_stm32f10x_hd.o(RESET)
    __main                                   0x08000131   Thumb Code     8  __main.o(!!!main)
    __scatterload                            0x08000139   Thumb Code     0  __scatter.o(!!!scatter)
    __scatterload_rt2                        0x08000139   Thumb Code    44  __scatter.o(!!!scatter)
    __scatterload_rt2_thumb_only             0x08000139   Thumb Code     0  __scatter.o(!!!scatter)
    __scatterload_null                       0x08000147   Thumb Code     0  __scatter.o(!!!scatter)
    __decompress                             0x0800016d   Thumb Code    90  __dczerorl2.o(!!dczerorl2)
    __decompress1                            0x0800016d   Thumb Code     0  __dczerorl2.o(!!dczerorl2)
    __scatterload_zeroinit                   0x080001c9   Thumb Code    28  __scatter_zi.o(!!handler_zi)
    _printf_d                                0x080001e5   Thumb Code     0  _printf_d.o(.ARM.Collect$$_printf_percent$$00000009)
    _printf_percent                          0x080001e5   Thumb Code     0  _printf_percent.o(.ARM.Collect$$_printf_percent$$00000000)
    _printf_u                                0x080001eb   Thumb Code     0  _printf_u.o(.ARM.Collect$$_printf_percent$$0000000A)
    _printf_x                                0x080001f1   Thumb Code     0  _printf_x.o(.ARM.Collect$$_printf_percent$$0000000C)
    _printf_c                                0x080001f7   Thumb Code     0  _printf_c.o(.ARM.Collect$$_printf_percent$$00000013)
    _printf_s                                0x080001fd   Thumb Code     0  _printf_s.o(.ARM.Collect$$_printf_percent$$00000014)
    _printf_percent_end                      0x08000203   Thumb Code     0  _printf_percent_end.o(.ARM.Collect$$_printf_percent$$00000017)
    __rt_lib_init                            0x08000207   Thumb Code     0  libinit.o(.ARM.Collect$$libinit$$00000000)
    __rt_lib_init_alloca_1                   0x08000209   Thumb Code     0  libinit2.o(.ARM.Collect$$libinit$$0000002E)
    __rt_lib_init_argv_1                     0x08000209   Thumb Code     0  libinit2.o(.ARM.Collect$$libinit$$0000002C)
    __rt_lib_init_atexit_1                   0x08000209   Thumb Code     0  libinit2.o(.ARM.Collect$$libinit$$0000001B)
    __rt_lib_init_clock_1                    0x08000209   Thumb Code     0  libinit2.o(.ARM.Collect$$libinit$$00000021)
    __rt_lib_init_cpp_1                      0x08000209   Thumb Code     0  libinit2.o(.ARM.Collect$$libinit$$00000032)
    __rt_lib_init_exceptions_1               0x08000209   Thumb Code     0  libinit2.o(.ARM.Collect$$libinit$$00000030)
    __rt_lib_init_fp_1                       0x08000209   Thumb Code     0  libinit2.o(.ARM.Collect$$libinit$$00000002)
    __rt_lib_init_fp_trap_1                  0x08000209   Thumb Code     0  libinit2.o(.ARM.Collect$$libinit$$0000001F)
    __rt_lib_init_getenv_1                   0x08000209   Thumb Code     0  libinit2.o(.ARM.Collect$$libinit$$00000023)
    __rt_lib_init_heap_1                     0x08000209   Thumb Code     0  libinit2.o(.ARM.Collect$$libinit$$0000000A)
    __rt_lib_init_lc_collate_1               0x08000209   Thumb Code     0  libinit2.o(.ARM.Collect$$libinit$$00000011)
    __rt_lib_init_lc_ctype_1                 0x08000209   Thumb Code     0  libinit2.o(.ARM.Collect$$libinit$$00000013)
    __rt_lib_init_lc_monetary_1              0x08000209   Thumb Code     0  libinit2.o(.ARM.Collect$$libinit$$00000015)
    __rt_lib_init_lc_numeric_1               0x08000209   Thumb Code     0  libinit2.o(.ARM.Collect$$libinit$$00000017)
    __rt_lib_init_lc_time_1                  0x08000209   Thumb Code     0  libinit2.o(.ARM.Collect$$libinit$$00000019)
    __rt_lib_init_preinit_1                  0x08000209   Thumb Code     0  libinit2.o(.ARM.Collect$$libinit$$00000004)
    __rt_lib_init_rand_1                     0x08000209   Thumb Code     0  libinit2.o(.ARM.Collect$$libinit$$0000000E)
    __rt_lib_init_return                     0x08000209   Thumb Code     0  libinit2.o(.ARM.Collect$$libinit$$00000033)
    __rt_lib_init_signal_1                   0x08000209   Thumb Code     0  libinit2.o(.ARM.Collect$$libinit$$0000001D)
    __rt_lib_init_stdio_1                    0x08000209   Thumb Code     0  libinit2.o(.ARM.Collect$$libinit$$00000025)
    __rt_lib_init_user_alloc_1               0x08000209   Thumb Code     0  libinit2.o(.ARM.Collect$$libinit$$0000000C)
    __rt_lib_shutdown                        0x0800020b   Thumb Code     0  libshutdown.o(.ARM.Collect$$libshutdown$$00000000)
    __rt_lib_shutdown_fp_trap_1              0x0800020d   Thumb Code     0  libshutdown2.o(.ARM.Collect$$libshutdown$$00000006)
    __rt_lib_shutdown_heap_1                 0x0800020d   Thumb Code     0  libshutdown2.o(.ARM.Collect$$libshutdown$$0000000E)
    __rt_lib_shutdown_return                 0x0800020d   Thumb Code     0  libshutdown2.o(.ARM.Collect$$libshutdown$$0000000F)
    __rt_lib_shutdown_signal_1               0x0800020d   Thumb Code     0  libshutdown2.o(.ARM.Collect$$libshutdown$$00000009)
    __rt_lib_shutdown_stdio_1                0x0800020d   Thumb Code     0  libshutdown2.o(.ARM.Collect$$libshutdown$$00000003)
    __rt_lib_shutdown_user_alloc_1           0x0800020d   Thumb Code     0  libshutdown2.o(.ARM.Collect$$libshutdown$$0000000B)
    __rt_entry                               0x0800020f   Thumb Code     0  __rtentry.o(.ARM.Collect$$rtentry$$00000000)
    __rt_entry_presh_1                       0x0800020f   Thumb Code     0  __rtentry2.o(.ARM.Collect$$rtentry$$00000002)
    __rt_entry_sh                            0x0800020f   Thumb Code     0  __rtentry4.o(.ARM.Collect$$rtentry$$00000004)
    __rt_entry_li                            0x08000215   Thumb Code     0  __rtentry2.o(.ARM.Collect$$rtentry$$0000000A)
    __rt_entry_postsh_1                      0x08000215   Thumb Code     0  __rtentry2.o(.ARM.Collect$$rtentry$$00000009)
    __rt_entry_main                          0x08000219   Thumb Code     0  __rtentry2.o(.ARM.Collect$$rtentry$$0000000D)
    __rt_entry_postli_1                      0x08000219   Thumb Code     0  __rtentry2.o(.ARM.Collect$$rtentry$$0000000C)
    __rt_exit                                0x08000221   Thumb Code     0  rtexit.o(.ARM.Collect$$rtexit$$00000000)
    __rt_exit_ls                             0x08000223   Thumb Code     0  rtexit2.o(.ARM.Collect$$rtexit$$00000003)
    __rt_exit_prels_1                        0x08000223   Thumb Code     0  rtexit2.o(.ARM.Collect$$rtexit$$00000002)
    __rt_exit_exit                           0x08000227   Thumb Code     0  rtexit2.o(.ARM.Collect$$rtexit$$00000004)
    main                                     0x0800022d   Thumb Code   184  main.o(.text)
    NMI_Handler                              0x08000305   Thumb Code     2  stm32f10x_it.o(.text)
    HardFault_Handler                        0x08000307   Thumb Code     4  stm32f10x_it.o(.text)
    MemManage_Handler                        0x0800030b   Thumb Code     4  stm32f10x_it.o(.text)
    BusFault_Handler                         0x0800030f   Thumb Code     4  stm32f10x_it.o(.text)
    UsageFault_Handler                       0x08000313   Thumb Code     4  stm32f10x_it.o(.text)
    SVC_Handler                              0x08000317   Thumb Code     2  stm32f10x_it.o(.text)
    DebugMon_Handler                         0x08000319   Thumb Code     2  stm32f10x_it.o(.text)
    PendSV_Handler                           0x0800031b   Thumb Code     2  stm32f10x_it.o(.text)
    SysTick_Handler                          0x0800031d   Thumb Code     2  stm32f10x_it.o(.text)
    SystemInit                               0x080003ff   Thumb Code    78  system_stm32f10x.o(.text)
    SystemCoreClockUpdate                    0x0800044d   Thumb Code   142  system_stm32f10x.o(.text)
    Reset_Handler                            0x08000501   Thumb Code     8  startup_stm32f10x_hd.o(.text)
    ADC1_2_IRQHandler                        0x0800051b   Thumb Code     0  startup_stm32f10x_hd.o(.text)
    ADC3_IRQHandler                          0x0800051b   Thumb Code     0  startup_stm32f10x_hd.o(.text)
    CAN1_RX1_IRQHandler                      0x0800051b   Thumb Code     0  startup_stm32f10x_hd.o(.text)
    CAN1_SCE_IRQHandler                      0x0800051b   Thumb Code     0  startup_stm32f10x_hd.o(.text)
    DMA1_Channel1_IRQHandler                 0x0800051b   Thumb Code     0  startup_stm32f10x_hd.o(.text)
    DMA1_Channel2_IRQHandler                 0x0800051b   Thumb Code     0  startup_stm32f10x_hd.o(.text)
    DMA1_Channel3_IRQHandler                 0x0800051b   Thumb Code     0  startup_stm32f10x_hd.o(.text)
    DMA1_Channel4_IRQHandler                 0x0800051b   Thumb Code     0  startup_stm32f10x_hd.o(.text)
    DMA1_Channel5_IRQHandler                 0x0800051b   Thumb Code     0  startup_stm32f10x_hd.o(.text)
    DMA1_Channel6_IRQHandler                 0x0800051b   Thumb Code     0  startup_stm32f10x_hd.o(.text)
    DMA1_Channel7_IRQHandler                 0x0800051b   Thumb Code     0  startup_stm32f10x_hd.o(.text)
    DMA2_Channel1_IRQHandler                 0x0800051b   Thumb Code     0  startup_stm32f10x_hd.o(.text)
    DMA2_Channel2_IRQHandler                 0x0800051b   Thumb Code     0  startup_stm32f10x_hd.o(.text)
    DMA2_Channel3_IRQHandler                 0x0800051b   Thumb Code     0  startup_stm32f10x_hd.o(.text)
    DMA2_Channel4_5_IRQHandler               0x0800051b   Thumb Code     0  startup_stm32f10x_hd.o(.text)
    EXTI0_IRQHandler                         0x0800051b   Thumb Code     0  startup_stm32f10x_hd.o(.text)
    EXTI15_10_IRQHandler                     0x0800051b   Thumb Code     0  startup_stm32f10x_hd.o(.text)
    EXTI1_IRQHandler                         0x0800051b   Thumb Code     0  startup_stm32f10x_hd.o(.text)
    EXTI2_IRQHandler                         0x0800051b   Thumb Code     0  startup_stm32f10x_hd.o(.text)
    EXTI3_IRQHandler                         0x0800051b   Thumb Code     0  startup_stm32f10x_hd.o(.text)
    EXTI4_IRQHandler                         0x0800051b   Thumb Code     0  startup_stm32f10x_hd.o(.text)
    EXTI9_5_IRQHandler                       0x0800051b   Thumb Code     0  startup_stm32f10x_hd.o(.text)
    FLASH_IRQHandler                         0x0800051b   Thumb Code     0  startup_stm32f10x_hd.o(.text)
    FSMC_IRQHandler                          0x0800051b   Thumb Code     0  startup_stm32f10x_hd.o(.text)
    I2C1_ER_IRQHandler                       0x0800051b   Thumb Code     0  startup_stm32f10x_hd.o(.text)
    I2C1_EV_IRQHandler                       0x0800051b   Thumb Code     0  startup_stm32f10x_hd.o(.text)
    I2C2_ER_IRQHandler                       0x0800051b   Thumb Code     0  startup_stm32f10x_hd.o(.text)
    I2C2_EV_IRQHandler                       0x0800051b   Thumb Code     0  startup_stm32f10x_hd.o(.text)
    PVD_IRQHandler                           0x0800051b   Thumb Code     0  startup_stm32f10x_hd.o(.text)
    RCC_IRQHandler                           0x0800051b   Thumb Code     0  startup_stm32f10x_hd.o(.text)
    RTCAlarm_IRQHandler                      0x0800051b   Thumb Code     0  startup_stm32f10x_hd.o(.text)
    RTC_IRQHandler                           0x0800051b   Thumb Code     0  startup_stm32f10x_hd.o(.text)
    SDIO_IRQHandler                          0x0800051b   Thumb Code     0  startup_stm32f10x_hd.o(.text)
    SPI1_IRQHandler                          0x0800051b   Thumb Code     0  startup_stm32f10x_hd.o(.text)
    SPI2_IRQHandler                          0x0800051b   Thumb Code     0  startup_stm32f10x_hd.o(.text)
    SPI3_IRQHandler                          0x0800051b   Thumb Code     0  startup_stm32f10x_hd.o(.text)
    TAMPER_IRQHandler                        0x0800051b   Thumb Code     0  startup_stm32f10x_hd.o(.text)
    TIM1_BRK_IRQHandler                      0x0800051b   Thumb Code     0  startup_stm32f10x_hd.o(.text)
    TIM1_CC_IRQHandler                       0x0800051b   Thumb Code     0  startup_stm32f10x_hd.o(.text)
    TIM1_TRG_COM_IRQHandler                  0x0800051b   Thumb Code     0  startup_stm32f10x_hd.o(.text)
    TIM1_UP_IRQHandler                       0x0800051b   Thumb Code     0  startup_stm32f10x_hd.o(.text)
    TIM2_IRQHandler                          0x0800051b   Thumb Code     0  startup_stm32f10x_hd.o(.text)
    TIM3_IRQHandler                          0x0800051b   Thumb Code     0  startup_stm32f10x_hd.o(.text)
    TIM7_IRQHandler                          0x0800051b   Thumb Code     0  startup_stm32f10x_hd.o(.text)
    TIM8_BRK_IRQHandler                      0x0800051b   Thumb Code     0  startup_stm32f10x_hd.o(.text)
    TIM8_CC_IRQHandler                       0x0800051b   Thumb Code     0  startup_stm32f10x_hd.o(.text)
    TIM8_TRG_COM_IRQHandler                  0x0800051b   Thumb Code     0  startup_stm32f10x_hd.o(.text)
    TIM8_UP_IRQHandler                       0x0800051b   Thumb Code     0  startup_stm32f10x_hd.o(.text)
    UART4_IRQHandler                         0x0800051b   Thumb Code     0  startup_stm32f10x_hd.o(.text)
    UART5_IRQHandler                         0x0800051b   Thumb Code     0  startup_stm32f10x_hd.o(.text)
    USART2_IRQHandler                        0x0800051b   Thumb Code     0  startup_stm32f10x_hd.o(.text)
    USART3_IRQHandler                        0x0800051b   Thumb Code     0  startup_stm32f10x_hd.o(.text)
    USBWakeUp_IRQHandler                     0x0800051b   Thumb Code     0  startup_stm32f10x_hd.o(.text)
    USB_HP_CAN1_TX_IRQHandler                0x0800051b   Thumb Code     0  startup_stm32f10x_hd.o(.text)
    USB_LP_CAN1_RX0_IRQHandler               0x0800051b   Thumb Code     0  startup_stm32f10x_hd.o(.text)
    WWDG_IRQHandler                          0x0800051b   Thumb Code     0  startup_stm32f10x_hd.o(.text)
    __user_initial_stackheap                 0x0800051d   Thumb Code     0  startup_stm32f10x_hd.o(.text)
    NVIC_PriorityGroupConfig                 0x08000541   Thumb Code    10  misc.o(.text)
    NVIC_Init                                0x0800054b   Thumb Code   100  misc.o(.text)
    NVIC_SetVectorTable                      0x080005af   Thumb Code    14  misc.o(.text)
    NVIC_SystemLPConfig                      0x080005bd   Thumb Code    34  misc.o(.text)
    SysTick_CLKSourceConfig                  0x080005df   Thumb Code    40  misc.o(.text)
    ADC_DeInit                               0x0800061d   Thumb Code    78  stm32f10x_adc.o(.text)
    ADC_Init                                 0x0800066b   Thumb Code    70  stm32f10x_adc.o(.text)
    ADC_StructInit                           0x080006b1   Thumb Code    18  stm32f10x_adc.o(.text)
    ADC_Cmd                                  0x080006c3   Thumb Code    22  stm32f10x_adc.o(.text)
    ADC_DMACmd                               0x080006d9   Thumb Code    22  stm32f10x_adc.o(.text)
    ADC_ITConfig                             0x080006ef   Thumb Code    24  stm32f10x_adc.o(.text)
    ADC_ResetCalibration                     0x08000707   Thumb Code    10  stm32f10x_adc.o(.text)
    ADC_GetResetCalibrationStatus            0x08000711   Thumb Code    20  stm32f10x_adc.o(.text)
    ADC_StartCalibration                     0x08000725   Thumb Code    10  stm32f10x_adc.o(.text)
    ADC_GetCalibrationStatus                 0x0800072f   Thumb Code    20  stm32f10x_adc.o(.text)
    ADC_SoftwareStartConvCmd                 0x08000743   Thumb Code    22  stm32f10x_adc.o(.text)
    ADC_GetSoftwareStartConvStatus           0x08000759   Thumb Code    20  stm32f10x_adc.o(.text)
    ADC_DiscModeChannelCountConfig           0x0800076d   Thumb Code    24  stm32f10x_adc.o(.text)
    ADC_DiscModeCmd                          0x08000785   Thumb Code    22  stm32f10x_adc.o(.text)
    ADC_RegularChannelConfig                 0x0800079b   Thumb Code   184  stm32f10x_adc.o(.text)
    ADC_ExternalTrigConvCmd                  0x08000853   Thumb Code    22  stm32f10x_adc.o(.text)
    ADC_GetConversionValue                   0x08000869   Thumb Code     8  stm32f10x_adc.o(.text)
    ADC_GetDualModeConversionValue           0x08000871   Thumb Code     8  stm32f10x_adc.o(.text)
    ADC_AutoInjectedConvCmd                  0x08000879   Thumb Code    22  stm32f10x_adc.o(.text)
    ADC_InjectedDiscModeCmd                  0x0800088f   Thumb Code    22  stm32f10x_adc.o(.text)
    ADC_ExternalTrigInjectedConvConfig       0x080008a5   Thumb Code    16  stm32f10x_adc.o(.text)
    ADC_ExternalTrigInjectedConvCmd          0x080008b5   Thumb Code    22  stm32f10x_adc.o(.text)
    ADC_SoftwareStartInjectedConvCmd         0x080008cb   Thumb Code    22  stm32f10x_adc.o(.text)
    ADC_GetSoftwareStartInjectedConvCmdStatus 0x080008e1   Thumb Code    20  stm32f10x_adc.o(.text)
    ADC_InjectedChannelConfig                0x080008f5   Thumb Code   130  stm32f10x_adc.o(.text)
    ADC_InjectedSequencerLengthConfig        0x08000977   Thumb Code    24  stm32f10x_adc.o(.text)
    ADC_SetInjectedOffset                    0x0800098f   Thumb Code    20  stm32f10x_adc.o(.text)
    ADC_GetInjectedConversionValue           0x080009a3   Thumb Code    28  stm32f10x_adc.o(.text)
    ADC_AnalogWatchdogCmd                    0x080009bf   Thumb Code    16  stm32f10x_adc.o(.text)
    ADC_AnalogWatchdogThresholdsConfig       0x080009cf   Thumb Code     6  stm32f10x_adc.o(.text)
    ADC_AnalogWatchdogSingleChannelConfig    0x080009d5   Thumb Code    16  stm32f10x_adc.o(.text)
    ADC_TempSensorVrefintCmd                 0x080009e5   Thumb Code    64  stm32f10x_adc.o(.text)
    ADC_GetFlagStatus                        0x08000a25   Thumb Code    18  stm32f10x_adc.o(.text)
    ADC_ClearFlag                            0x08000a37   Thumb Code     6  stm32f10x_adc.o(.text)
    ADC_GetITStatus                          0x08000a3d   Thumb Code    36  stm32f10x_adc.o(.text)
    ADC_ClearITPendingBit                    0x08000a61   Thumb Code    10  stm32f10x_adc.o(.text)
    GPIO_DeInit                              0x08000a6d   Thumb Code   172  stm32f10x_gpio.o(.text)
    GPIO_AFIODeInit                          0x08000b19   Thumb Code    20  stm32f10x_gpio.o(.text)
    GPIO_Init                                0x08000b2d   Thumb Code   278  stm32f10x_gpio.o(.text)
    GPIO_StructInit                          0x08000c43   Thumb Code    16  stm32f10x_gpio.o(.text)
    GPIO_ReadInputDataBit                    0x08000c53   Thumb Code    18  stm32f10x_gpio.o(.text)
    GPIO_ReadInputData                       0x08000c65   Thumb Code     8  stm32f10x_gpio.o(.text)
    GPIO_ReadOutputDataBit                   0x08000c6d   Thumb Code    18  stm32f10x_gpio.o(.text)
    GPIO_ReadOutputData                      0x08000c7f   Thumb Code     8  stm32f10x_gpio.o(.text)
    GPIO_SetBits                             0x08000c87   Thumb Code     4  stm32f10x_gpio.o(.text)
    GPIO_ResetBits                           0x08000c8b   Thumb Code     4  stm32f10x_gpio.o(.text)
    GPIO_WriteBit                            0x08000c8f   Thumb Code    10  stm32f10x_gpio.o(.text)
    GPIO_Write                               0x08000c99   Thumb Code     4  stm32f10x_gpio.o(.text)
    GPIO_PinLockConfig                       0x08000c9d   Thumb Code    18  stm32f10x_gpio.o(.text)
    GPIO_EventOutputConfig                   0x08000caf   Thumb Code    26  stm32f10x_gpio.o(.text)
    GPIO_EventOutputCmd                      0x08000cc9   Thumb Code     6  stm32f10x_gpio.o(.text)
    GPIO_PinRemapConfig                      0x08000ccf   Thumb Code   138  stm32f10x_gpio.o(.text)
    GPIO_EXTILineConfig                      0x08000d59   Thumb Code    66  stm32f10x_gpio.o(.text)
    GPIO_ETH_MediaInterfaceConfig            0x08000d9b   Thumb Code     8  stm32f10x_gpio.o(.text)
    RCC_DeInit                               0x08000dc9   Thumb Code    64  stm32f10x_rcc.o(.text)
    RCC_HSEConfig                            0x08000e09   Thumb Code    70  stm32f10x_rcc.o(.text)
    RCC_GetFlagStatus                        0x08000e4f   Thumb Code    56  stm32f10x_rcc.o(.text)
    RCC_WaitForHSEStartUp                    0x08000e87   Thumb Code    56  stm32f10x_rcc.o(.text)
    RCC_AdjustHSICalibrationValue            0x08000ebf   Thumb Code    20  stm32f10x_rcc.o(.text)
    RCC_HSICmd                               0x08000ed3   Thumb Code     6  stm32f10x_rcc.o(.text)
    RCC_PLLConfig                            0x08000ed9   Thumb Code    24  stm32f10x_rcc.o(.text)
    RCC_PLLCmd                               0x08000ef1   Thumb Code     6  stm32f10x_rcc.o(.text)
    RCC_SYSCLKConfig                         0x08000ef7   Thumb Code    18  stm32f10x_rcc.o(.text)
    RCC_GetSYSCLKSource                      0x08000f09   Thumb Code    10  stm32f10x_rcc.o(.text)
    RCC_HCLKConfig                           0x08000f13   Thumb Code    18  stm32f10x_rcc.o(.text)
    RCC_PCLK1Config                          0x08000f25   Thumb Code    18  stm32f10x_rcc.o(.text)
    RCC_PCLK2Config                          0x08000f37   Thumb Code    20  stm32f10x_rcc.o(.text)
    RCC_ITConfig                             0x08000f4b   Thumb Code    26  stm32f10x_rcc.o(.text)
    RCC_USBCLKConfig                         0x08000f65   Thumb Code     8  stm32f10x_rcc.o(.text)
    RCC_ADCCLKConfig                         0x08000f6d   Thumb Code    18  stm32f10x_rcc.o(.text)
    RCC_LSEConfig                            0x08000f7f   Thumb Code    50  stm32f10x_rcc.o(.text)
    RCC_LSICmd                               0x08000fb1   Thumb Code     6  stm32f10x_rcc.o(.text)
    RCC_RTCCLKConfig                         0x08000fb7   Thumb Code    12  stm32f10x_rcc.o(.text)
    RCC_RTCCLKCmd                            0x08000fc3   Thumb Code     8  stm32f10x_rcc.o(.text)
    RCC_GetClocksFreq                        0x08000fcb   Thumb Code   192  stm32f10x_rcc.o(.text)
    RCC_AHBPeriphClockCmd                    0x0800108b   Thumb Code    26  stm32f10x_rcc.o(.text)
    RCC_APB2PeriphClockCmd                   0x080010a5   Thumb Code    26  stm32f10x_rcc.o(.text)
    RCC_APB1PeriphClockCmd                   0x080010bf   Thumb Code    26  stm32f10x_rcc.o(.text)
    RCC_APB2PeriphResetCmd                   0x080010d9   Thumb Code    26  stm32f10x_rcc.o(.text)
    RCC_APB1PeriphResetCmd                   0x080010f3   Thumb Code    26  stm32f10x_rcc.o(.text)
    RCC_BackupResetCmd                       0x0800110d   Thumb Code     8  stm32f10x_rcc.o(.text)
    RCC_ClockSecuritySystemCmd               0x08001115   Thumb Code     6  stm32f10x_rcc.o(.text)
    RCC_MCOConfig                            0x0800111b   Thumb Code     6  stm32f10x_rcc.o(.text)
    RCC_ClearFlag                            0x08001121   Thumb Code    14  stm32f10x_rcc.o(.text)
    RCC_GetITStatus                          0x0800112f   Thumb Code    20  stm32f10x_rcc.o(.text)
    RCC_ClearITPendingBit                    0x08001143   Thumb Code     6  stm32f10x_rcc.o(.text)
    TIM_DeInit                               0x0800116d   Thumb Code   424  stm32f10x_tim.o(.text)
    TIM_TimeBaseInit                         0x08001315   Thumb Code   122  stm32f10x_tim.o(.text)
    TIM_OC1Init                              0x0800138f   Thumb Code   132  stm32f10x_tim.o(.text)
    TIM_OC2Init                              0x08001413   Thumb Code   154  stm32f10x_tim.o(.text)
    TIM_OC3Init                              0x080014ad   Thumb Code   150  stm32f10x_tim.o(.text)
    TIM_OC4Init                              0x08001543   Thumb Code   182  stm32f10x_tim.o(.text)
    TIM_SetIC4Prescaler                      0x080015f9   Thumb Code    26  stm32f10x_tim.o(.text)
    TIM_SetIC3Prescaler                      0x08001695   Thumb Code    18  stm32f10x_tim.o(.text)
    TIM_SetIC2Prescaler                      0x08001721   Thumb Code    26  stm32f10x_tim.o(.text)
    TIM_SetIC1Prescaler                      0x080017bd   Thumb Code    18  stm32f10x_tim.o(.text)
    TIM_ICInit                               0x0800183b   Thumb Code   150  stm32f10x_tim.o(.text)
    TIM_PWMIConfig                           0x080018d1   Thumb Code   124  stm32f10x_tim.o(.text)
    TIM_BDTRConfig                           0x0800194d   Thumb Code    32  stm32f10x_tim.o(.text)
    TIM_TimeBaseStructInit                   0x0800196d   Thumb Code    18  stm32f10x_tim.o(.text)
    TIM_OCStructInit                         0x0800197f   Thumb Code    20  stm32f10x_tim.o(.text)
    TIM_ICStructInit                         0x08001993   Thumb Code    18  stm32f10x_tim.o(.text)
    TIM_BDTRStructInit                       0x080019a5   Thumb Code    40  stm32f10x_tim.o(.text)
    TIM_Cmd                                  0x080019cd   Thumb Code    24  stm32f10x_tim.o(.text)
    TIM_CtrlPWMOutputs                       0x080019e5   Thumb Code    30  stm32f10x_tim.o(.text)
    TIM_ITConfig                             0x08001a03   Thumb Code    18  stm32f10x_tim.o(.text)
    TIM_GenerateEvent                        0x08001a15   Thumb Code     4  stm32f10x_tim.o(.text)
    TIM_DMAConfig                            0x08001a19   Thumb Code    10  stm32f10x_tim.o(.text)
    TIM_DMACmd                               0x08001a23   Thumb Code    18  stm32f10x_tim.o(.text)
    TIM_InternalClockConfig                  0x08001a35   Thumb Code    12  stm32f10x_tim.o(.text)
    TIM_SelectInputTrigger                   0x08001a41   Thumb Code    18  stm32f10x_tim.o(.text)
    TIM_ITRxExternalClockConfig              0x08001a53   Thumb Code    24  stm32f10x_tim.o(.text)
    TIM_TIxExternalClockConfig               0x08001a6b   Thumb Code    62  stm32f10x_tim.o(.text)
    TIM_ETRConfig                            0x08001aa9   Thumb Code    28  stm32f10x_tim.o(.text)
    TIM_ETRClockMode1Config                  0x08001ac5   Thumb Code    54  stm32f10x_tim.o(.text)
    TIM_ETRClockMode2Config                  0x08001afb   Thumb Code    32  stm32f10x_tim.o(.text)
    TIM_PrescalerConfig                      0x08001b1b   Thumb Code     6  stm32f10x_tim.o(.text)
    TIM_CounterModeConfig                    0x08001b21   Thumb Code    18  stm32f10x_tim.o(.text)
    TIM_EncoderInterfaceConfig               0x08001b33   Thumb Code    66  stm32f10x_tim.o(.text)
    TIM_ForcedOC1Config                      0x08001b75   Thumb Code    18  stm32f10x_tim.o(.text)
    TIM_ForcedOC2Config                      0x08001b87   Thumb Code    26  stm32f10x_tim.o(.text)
    TIM_ForcedOC3Config                      0x08001ba1   Thumb Code    18  stm32f10x_tim.o(.text)
    TIM_ForcedOC4Config                      0x08001bb3   Thumb Code    26  stm32f10x_tim.o(.text)
    TIM_ARRPreloadConfig                     0x08001bcd   Thumb Code    24  stm32f10x_tim.o(.text)
    TIM_SelectCOM                            0x08001be5   Thumb Code    24  stm32f10x_tim.o(.text)
    TIM_SelectCCDMA                          0x08001bfd   Thumb Code    24  stm32f10x_tim.o(.text)
    TIM_CCPreloadControl                     0x08001c15   Thumb Code    24  stm32f10x_tim.o(.text)
    TIM_OC1PreloadConfig                     0x08001c2d   Thumb Code    18  stm32f10x_tim.o(.text)
    TIM_OC2PreloadConfig                     0x08001c3f   Thumb Code    26  stm32f10x_tim.o(.text)
    TIM_OC3PreloadConfig                     0x08001c59   Thumb Code    18  stm32f10x_tim.o(.text)
    TIM_OC4PreloadConfig                     0x08001c6b   Thumb Code    26  stm32f10x_tim.o(.text)
    TIM_OC1FastConfig                        0x08001c85   Thumb Code    18  stm32f10x_tim.o(.text)
    TIM_OC2FastConfig                        0x08001c97   Thumb Code    26  stm32f10x_tim.o(.text)
    TIM_OC3FastConfig                        0x08001cb1   Thumb Code    18  stm32f10x_tim.o(.text)
    TIM_OC4FastConfig                        0x08001cc3   Thumb Code    26  stm32f10x_tim.o(.text)
    TIM_ClearOC1Ref                          0x08001cdd   Thumb Code    18  stm32f10x_tim.o(.text)
    TIM_ClearOC2Ref                          0x08001cef   Thumb Code    24  stm32f10x_tim.o(.text)
    TIM_ClearOC3Ref                          0x08001d07   Thumb Code    18  stm32f10x_tim.o(.text)
    TIM_ClearOC4Ref                          0x08001d19   Thumb Code    24  stm32f10x_tim.o(.text)
    TIM_OC1PolarityConfig                    0x08001d31   Thumb Code    18  stm32f10x_tim.o(.text)
    TIM_OC1NPolarityConfig                   0x08001d43   Thumb Code    18  stm32f10x_tim.o(.text)
    TIM_OC2PolarityConfig                    0x08001d55   Thumb Code    26  stm32f10x_tim.o(.text)
    TIM_OC2NPolarityConfig                   0x08001d6f   Thumb Code    26  stm32f10x_tim.o(.text)
    TIM_OC3PolarityConfig                    0x08001d89   Thumb Code    26  stm32f10x_tim.o(.text)
    TIM_OC3NPolarityConfig                   0x08001da3   Thumb Code    26  stm32f10x_tim.o(.text)
    TIM_OC4PolarityConfig                    0x08001dbd   Thumb Code    26  stm32f10x_tim.o(.text)
    TIM_CCxCmd                               0x08001dd7   Thumb Code    30  stm32f10x_tim.o(.text)
    TIM_CCxNCmd                              0x08001df5   Thumb Code    30  stm32f10x_tim.o(.text)
    TIM_SelectOCxM                           0x08001e13   Thumb Code    82  stm32f10x_tim.o(.text)
    TIM_UpdateDisableConfig                  0x08001e65   Thumb Code    24  stm32f10x_tim.o(.text)
    TIM_UpdateRequestConfig                  0x08001e7d   Thumb Code    24  stm32f10x_tim.o(.text)
    TIM_SelectHallSensor                     0x08001e95   Thumb Code    24  stm32f10x_tim.o(.text)
    TIM_SelectOnePulseMode                   0x08001ead   Thumb Code    18  stm32f10x_tim.o(.text)
    TIM_SelectOutputTrigger                  0x08001ebf   Thumb Code    18  stm32f10x_tim.o(.text)
    TIM_SelectSlaveMode                      0x08001ed1   Thumb Code    18  stm32f10x_tim.o(.text)
    TIM_SelectMasterSlaveMode                0x08001ee3   Thumb Code    18  stm32f10x_tim.o(.text)
    TIM_SetCounter                           0x08001ef5   Thumb Code     4  stm32f10x_tim.o(.text)
    TIM_SetAutoreload                        0x08001ef9   Thumb Code     4  stm32f10x_tim.o(.text)
    TIM_SetCompare1                          0x08001efd   Thumb Code     4  stm32f10x_tim.o(.text)
    TIM_SetCompare2                          0x08001f01   Thumb Code     4  stm32f10x_tim.o(.text)
    TIM_SetCompare3                          0x08001f05   Thumb Code     4  stm32f10x_tim.o(.text)
    TIM_SetCompare4                          0x08001f09   Thumb Code     6  stm32f10x_tim.o(.text)
    TIM_SetClockDivision                     0x08001f0f   Thumb Code    18  stm32f10x_tim.o(.text)
    TIM_GetCapture1                          0x08001f21   Thumb Code     6  stm32f10x_tim.o(.text)
    TIM_GetCapture2                          0x08001f27   Thumb Code     6  stm32f10x_tim.o(.text)
    TIM_GetCapture3                          0x08001f2d   Thumb Code     6  stm32f10x_tim.o(.text)
    TIM_GetCapture4                          0x08001f33   Thumb Code     8  stm32f10x_tim.o(.text)
    TIM_GetCounter                           0x08001f3b   Thumb Code     6  stm32f10x_tim.o(.text)
    TIM_GetPrescaler                         0x08001f41   Thumb Code     6  stm32f10x_tim.o(.text)
    TIM_GetFlagStatus                        0x08001f47   Thumb Code    18  stm32f10x_tim.o(.text)
    TIM_ClearFlag                            0x08001f59   Thumb Code     6  stm32f10x_tim.o(.text)
    TIM_GetITStatus                          0x08001f5f   Thumb Code    34  stm32f10x_tim.o(.text)
    TIM_ClearITPendingBit                    0x08001f81   Thumb Code     6  stm32f10x_tim.o(.text)
    USART_DeInit                             0x08001f89   Thumb Code   134  stm32f10x_usart.o(.text)
    USART_Init                               0x0800200f   Thumb Code   210  stm32f10x_usart.o(.text)
    USART_StructInit                         0x080020e1   Thumb Code    24  stm32f10x_usart.o(.text)
    USART_ClockInit                          0x080020f9   Thumb Code    34  stm32f10x_usart.o(.text)
    USART_ClockStructInit                    0x0800211b   Thumb Code    12  stm32f10x_usart.o(.text)
    USART_Cmd                                0x08002127   Thumb Code    24  stm32f10x_usart.o(.text)
    USART_ITConfig                           0x0800213f   Thumb Code    74  stm32f10x_usart.o(.text)
    USART_DMACmd                             0x08002189   Thumb Code    18  stm32f10x_usart.o(.text)
    USART_SetAddress                         0x0800219b   Thumb Code    18  stm32f10x_usart.o(.text)
    USART_WakeUpConfig                       0x080021ad   Thumb Code    18  stm32f10x_usart.o(.text)
    USART_ReceiverWakeUpCmd                  0x080021bf   Thumb Code    24  stm32f10x_usart.o(.text)
    USART_LINBreakDetectLengthConfig         0x080021d7   Thumb Code    18  stm32f10x_usart.o(.text)
    USART_LINCmd                             0x080021e9   Thumb Code    24  stm32f10x_usart.o(.text)
    USART_SendData                           0x08002201   Thumb Code     8  stm32f10x_usart.o(.text)
    USART_ReceiveData                        0x08002209   Thumb Code    10  stm32f10x_usart.o(.text)
    USART_SendBreak                          0x08002213   Thumb Code    10  stm32f10x_usart.o(.text)
    USART_SetGuardTime                       0x0800221d   Thumb Code    16  stm32f10x_usart.o(.text)
    USART_SetPrescaler                       0x0800222d   Thumb Code    16  stm32f10x_usart.o(.text)
    USART_SmartCardCmd                       0x0800223d   Thumb Code    24  stm32f10x_usart.o(.text)
    USART_SmartCardNACKCmd                   0x08002255   Thumb Code    24  stm32f10x_usart.o(.text)
    USART_HalfDuplexCmd                      0x0800226d   Thumb Code    24  stm32f10x_usart.o(.text)
    USART_OverSampling8Cmd                   0x08002285   Thumb Code    22  stm32f10x_usart.o(.text)
    USART_OneBitMethodCmd                    0x0800229b   Thumb Code    24  stm32f10x_usart.o(.text)
    USART_IrDAConfig                         0x080022b3   Thumb Code    18  stm32f10x_usart.o(.text)
    USART_IrDACmd                            0x080022c5   Thumb Code    24  stm32f10x_usart.o(.text)
    USART_GetFlagStatus                      0x080022dd   Thumb Code    26  stm32f10x_usart.o(.text)
    USART_ClearFlag                          0x080022f7   Thumb Code    18  stm32f10x_usart.o(.text)
    USART_GetITStatus                        0x08002309   Thumb Code    84  stm32f10x_usart.o(.text)
    USART_ClearITPendingBit                  0x0800235d   Thumb Code    52  stm32f10x_usart.o(.text)
    delay_init                               0x08002391   Thumb Code    50  delay.o(.text)
    delay_us                                 0x080023c3   Thumb Code    72  delay.o(.text)
    delay_ms                                 0x0800240b   Thumb Code    72  delay.o(.text)
    _sys_exit                                0x08002465   Thumb Code     6  usart.o(.text)
    fputc                                    0x0800246b   Thumb Code    24  usart.o(.text)
    uart_init                                0x08002483   Thumb Code   152  usart.o(.text)
    USART1_IRQHandler                        0x0800251b   Thumb Code   122  usart.o(.text)
    TIM4_Mode_Config                         0x080025a5   Thumb Code   162  encoder.o(.text)
    TIM4_Init                                0x08002647   Thumb Code     8  encoder.o(.text)
    update_angle                             0x0800264f   Thumb Code    94  encoder.o(.text)
    Read_Encoder                             0x080026ad   Thumb Code    52  encoder.o(.text)
    TIM4_IRQHandler                          0x080026e1   Thumb Code    24  encoder.o(.text)
    Adc_Init                                 0x08002705   Thumb Code   140  adc.o(.text)
    Get_Adc                                  0x08002791   Thumb Code    46  adc.o(.text)
    Angle_Get                                0x080027bf   Thumb Code   170  adc.o(.text)
    motor_Anticlockwise                      0x0800287d   Thumb Code    30  motor.o(.text)
    motor_Clockwise                          0x0800289b   Thumb Code    30  motor.o(.text)
    motor_pwm                                0x080028b9   Thumb Code    74  motor.o(.text)
    motor_stop                               0x08002903   Thumb Code    12  motor.o(.text)
    Motor_BSP_Init                           0x0800290f   Thumb Code    38  motor.o(.text)
    Timer5_Init                              0x0800293d   Thumb Code    90  timer.o(.text)
    TIM5_IRQHandler                          0x08002997   Thumb Code   566  timer.o(.text)
    KEY_Init                                 0x08002c21   Thumb Code   128  key.o(.text)
    KEY_Scan                                 0x08002ca1   Thumb Code   238  key.o(.text)
    Set_PID_Angle                            0x08002da1   Thumb Code    28  pid.o(.text)
    Set_PID_Location                         0x08002dbd   Thumb Code    64  pid.o(.text)
    balance                                  0x08002dfd   Thumb Code    94  pid.o(.text)
    Position                                 0x08002e5b   Thumb Code   176  pid.o(.text)
    TIM3_PWM_Init                            0x08002f51   Thumb Code   156  pwm.o(.text)
    usmart_sys_cmd_exe                       0x08002ff5   Thumb Code  1554  usmart.o(.text)
    usmart_reset_runtime                     0x08003607   Thumb Code    30  usmart.o(.text)
    usmart_get_runtime                       0x08003625   Thumb Code    54  usmart.o(.text)
    TIM6_IRQHandler                          0x0800365b   Thumb Code    44  usmart.o(.text)
    Timer6_Init                              0x08003687   Thumb Code    88  usmart.o(.text)
    usmart_init                              0x080036df   Thumb Code    36  usmart.o(.text)
    usmart_cmd_rec                           0x08003703   Thumb Code   170  usmart.o(.text)
    usmart_exe                               0x080037ad   Thumb Code   874  usmart.o(.text)
    usmart_scan                              0x08003b17   Thumb Code   120  usmart.o(.text)
    read_addr                                0x08003b8f   Thumb Code     6  usmart.o(.text)
    write_addr                               0x08003b95   Thumb Code     4  usmart.o(.text)
    usmart_strcmp                            0x08003c21   Thumb Code    34  usmart_str.o(.text)
    usmart_strcopy                           0x08003c43   Thumb Code    22  usmart_str.o(.text)
    usmart_strlen                            0x08003c59   Thumb Code    24  usmart_str.o(.text)
    usmart_pow                               0x08003c71   Thumb Code    22  usmart_str.o(.text)
    usmart_str2num                           0x08003c87   Thumb Code   202  usmart_str.o(.text)
    usmart_get_cmdname                       0x08003d51   Thumb Code    54  usmart_str.o(.text)
    usmart_search_nextc                      0x08003d87   Thumb Code    22  usmart_str.o(.text)
    usmart_get_fname                         0x08003d9d   Thumb Code   440  usmart_str.o(.text)
    usmart_get_aparm                         0x08003f55   Thumb Code   200  usmart_str.o(.text)
    usmart_get_parmpos                       0x0800401d   Thumb Code    26  usmart_str.o(.text)
    usmart_get_fparam                        0x08004037   Thumb Code   262  usmart_str.o(.text)
    __use_no_semihosting                     0x08004149   Thumb Code     2  use_no_semi_2.o(.text)
    __2printf                                0x0800414d   Thumb Code    20  noretval__2printf.o(.text)
    _printf_pre_padding                      0x08004165   Thumb Code    44  _printf_pad.o(.text)
    _printf_post_padding                     0x08004191   Thumb Code    34  _printf_pad.o(.text)
    _printf_str                              0x080041b3   Thumb Code    82  _printf_str.o(.text)
    _printf_int_dec                          0x08004205   Thumb Code   104  _printf_dec.o(.text)
    _printf_int_hex                          0x0800427d   Thumb Code    84  _printf_hex_int.o(.text)
    _printf_longlong_hex                     0x0800427d   Thumb Code     0  _printf_hex_int.o(.text)
    __printf                                 0x080042d5   Thumb Code   388  __printf_flags_ss_wp.o(.text)
    __use_two_region_memory                  0x0800445d   Thumb Code     2  heapauxi.o(.text)
    __rt_heap_escrow$2region                 0x0800445f   Thumb Code     2  heapauxi.o(.text)
    __rt_heap_expand$2region                 0x08004461   Thumb Code     2  heapauxi.o(.text)
    __I$use$semihosting                      0x08004463   Thumb Code     0  use_no_semi.o(.text)
    __use_no_semihosting_swi                 0x08004463   Thumb Code     2  use_no_semi.o(.text)
    _printf_int_common                       0x08004465   Thumb Code   178  _printf_intcommon.o(.text)
    _printf_cs_common                        0x08004517   Thumb Code    20  _printf_char.o(.text)
    _printf_char                             0x0800452b   Thumb Code    16  _printf_char.o(.text)
    _printf_string                           0x0800453b   Thumb Code     8  _printf_char.o(.text)
    _printf_char_file                        0x08004545   Thumb Code    32  _printf_char_file.o(.text)
    _printf_char_common                      0x08004573   Thumb Code    32  _printf_char_common.o(.text)
    ferror                                   0x08004599   Thumb Code     8  ferror.o(.text)
    __user_setup_stackheap                   0x080045a1   Thumb Code    74  sys_stackheap_outer.o(.text)
    exit                                     0x080045eb   Thumb Code    12  exit.o(.text)
    __user_libspace                          0x080045f9   Thumb Code     8  libspace.o(.text)
    __user_perproc_libspace                  0x080045f9   Thumb Code     0  libspace.o(.text)
    __user_perthread_libspace                0x080045f9   Thumb Code     0  libspace.o(.text)
    _is_digit                                0x08004601   Thumb Code    14  __printf_wp.o(i._is_digit)
    __aeabi_d2f                              0x08004611   Thumb Code     0  d2f.o(x$fpl$d2f)
    _d2f                                     0x08004611   Thumb Code    98  d2f.o(x$fpl$d2f)
    __aeabi_dadd                             0x08004675   Thumb Code     0  daddsub_clz.o(x$fpl$dadd)
    _dadd                                    0x08004675   Thumb Code   332  daddsub_clz.o(x$fpl$dadd)
    __aeabi_ddiv                             0x080047c5   Thumb Code     0  ddiv.o(x$fpl$ddiv)
    _ddiv                                    0x080047c5   Thumb Code   552  ddiv.o(x$fpl$ddiv)
    __aeabi_d2iz                             0x08004a75   Thumb Code     0  dfix.o(x$fpl$dfix)
    _dfix                                    0x08004a75   Thumb Code    94  dfix.o(x$fpl$dfix)
    __aeabi_i2d                              0x08004ad3   Thumb Code     0  dflt_clz.o(x$fpl$dflt)
    _dflt                                    0x08004ad3   Thumb Code    46  dflt_clz.o(x$fpl$dflt)
    __aeabi_dmul                             0x08004b01   Thumb Code     0  dmul.o(x$fpl$dmul)
    _dmul                                    0x08004b01   Thumb Code   332  dmul.o(x$fpl$dmul)
    __fpl_dnaninf                            0x08004c55   Thumb Code   156  dnaninf.o(x$fpl$dnaninf)
    __fpl_dretinf                            0x08004cf1   Thumb Code    12  dretinf.o(x$fpl$dretinf)
    __aeabi_dsub                             0x08004cfd   Thumb Code     0  daddsub_clz.o(x$fpl$dsub)
    _dsub                                    0x08004cfd   Thumb Code   464  daddsub_clz.o(x$fpl$dsub)
    __aeabi_f2d                              0x08004ed1   Thumb Code     0  f2d.o(x$fpl$f2d)
    _f2d                                     0x08004ed1   Thumb Code    86  f2d.o(x$fpl$f2d)
    __aeabi_fadd                             0x08004f29   Thumb Code     0  faddsub_clz.o(x$fpl$fadd)
    _fadd                                    0x08004f29   Thumb Code   196  faddsub_clz.o(x$fpl$fadd)
    __fpl_fcmp_Inf                           0x08004fed   Thumb Code    24  fcmpi.o(x$fpl$fcmpinf)
    __aeabi_f2iz                             0x08005005   Thumb Code     0  ffix.o(x$fpl$ffix)
    _ffix                                    0x08005005   Thumb Code    54  ffix.o(x$fpl$ffix)
    __aeabi_f2uiz                            0x0800503d   Thumb Code     0  ffixu.o(x$fpl$ffixu)
    _ffixu                                   0x0800503d   Thumb Code    62  ffixu.o(x$fpl$ffixu)
    __aeabi_i2f                              0x0800507d   Thumb Code     0  fflt_clz.o(x$fpl$fflt)
    _fflt                                    0x0800507d   Thumb Code    48  fflt_clz.o(x$fpl$fflt)
    __aeabi_cfcmple                          0x080050ad   Thumb Code     0  fleqf.o(x$fpl$fleqf)
    _fcmple                                  0x080050ad   Thumb Code   104  fleqf.o(x$fpl$fleqf)
    __fpl_fcmple_InfNaN                      0x080050ff   Thumb Code     0  fleqf.o(x$fpl$fleqf)
    __aeabi_fmul                             0x08005115   Thumb Code     0  fmul.o(x$fpl$fmul)
    _fmul                                    0x08005115   Thumb Code   258  fmul.o(x$fpl$fmul)
    __fpl_fnaninf                            0x08005217   Thumb Code   140  fnaninf.o(x$fpl$fnaninf)
    __fpl_fretinf                            0x080052a3   Thumb Code    10  fretinf.o(x$fpl$fretinf)
    __aeabi_cfrcmple                         0x080052ad   Thumb Code     0  frleqf.o(x$fpl$frleqf)
    _frcmple                                 0x080052ad   Thumb Code    98  frleqf.o(x$fpl$frleqf)
    __aeabi_frsub                            0x0800530f   Thumb Code     0  faddsub_clz.o(x$fpl$frsb)
    _frsb                                    0x0800530f   Thumb Code    20  faddsub_clz.o(x$fpl$frsb)
    __aeabi_fsub                             0x08005325   Thumb Code     0  faddsub_clz.o(x$fpl$fsub)
    _fsub                                    0x08005325   Thumb Code   234  faddsub_clz.o(x$fpl$fsub)
    __I$use$fp                               0x0800540e   Number         0  usenofp.o(x$fpl$usenofp)
    Region$$Table$$Base                      0x08005528   Number         0  anon$$obj.o(Region$$Table)
    Region$$Table$$Limit                     0x08005548   Number         0  anon$$obj.o(Region$$Table)
    KEY_MODE                                 0x20000000   Data           4  main.o(.data)
    FUNCTION_1                               0x20000004   Data           4  main.o(.data)
    KEY_RESET                                0x20000008   Data           4  main.o(.data)
    SystemCoreClock                          0x2000000c   Data           4  system_stm32f10x.o(.data)
    AHBPrescTable                            0x20000010   Data          16  system_stm32f10x.o(.data)
    __stdout                                 0x20000038   Data           4  usart.o(.data)
    USART_RX_STA                             0x2000003c   Data           2  usart.o(.data)
    Angle                                    0x20000040   Data           4  timer.o(.data)
    LAST_Angle                               0x20000044   Data           4  timer.o(.data)
    Angle_PWM                                0x20000048   Data           4  timer.o(.data)
    Encoder                                  0x2000004c   Data           4  timer.o(.data)
    Encoder_PWM                              0x20000050   Data           4  timer.o(.data)
    PWM_VALUE                                0x20000054   Data           4  timer.o(.data)
    XIAN_FU                                  0x20000058   Data           4  timer.o(.data)
    Encoder_Last                             0x2000005c   Data           4  timer.o(.data)
    Speed                                    0x20000060   Data           4  timer.o(.data)
    delay_25ms                               0x20000064   Data           4  timer.o(.data)
    QB_FLAG                                  0x20000068   Data           4  timer.o(.data)
    QB_STOP_ANG                              0x2000006c   Data           4  timer.o(.data)
    Position_TARGET                          0x20000070   Data           4  timer.o(.data)
    count                                    0x20000074   Data           4  timer.o(.data)
    Draw_circle_FLAG                         0x20000078   Data           4  timer.o(.data)
    Draw_circle_FLAG_opposite                0x2000007c   Data           4  timer.o(.data)
    Position_Zero                            0x20000084   Data           4  pid.o(.data)
    Balance_KP                               0x20000088   Data           4  pid.o(.data)
    Balance_KD                               0x2000008c   Data           4  pid.o(.data)
    Position_KP                              0x20000090   Data           4  pid.o(.data)
    Position_KD                              0x20000094   Data           4  pid.o(.data)
    ZHONGZHI                                 0x20000098   Data           4  pid.o(.data)
    sys_cmd_tab                              0x200000b8   Data          28  usmart.o(.data)
    usmart_nametab                           0x200000d4   Data          48  usmart_config.o(.data)
    usmart_dev                               0x20000104   Data         244  usmart_config.o(.data)
    USART_RX_BUF                             0x200001f8   Data         200  usart.o(.bss)
    __libspace_start                         0x200002c0   Data          96  libspace.o(.bss)
    __temporary_stack_top$libspace           0x20000320   Data           0  libspace.o(.bss)



==============================================================================

Memory Map of the image

  Image Entry point : 0x08000131

  Load Region LR_IROM1 (Base: 0x08000000, Size: 0x00005740, Max: 0x00040000, ABSOLUTE, COMPRESSED[0x000055d4])

    Execution Region ER_IROM1 (Base: 0x08000000, Size: 0x00005548, Max: 0x00040000, ABSOLUTE)

    Base Addr    Size         Type   Attr      Idx    E Section Name        Object

    0x08000000   0x00000130   Data   RO          196    RESET               startup_stm32f10x_hd.o
    0x08000130   0x00000008   Code   RO          771  * !!!main             c_w.l(__main.o)
    0x08000138   0x00000034   Code   RO         1005    !!!scatter          c_w.l(__scatter.o)
    0x0800016c   0x0000005a   Code   RO         1003    !!dczerorl2         c_w.l(__dczerorl2.o)
    0x080001c6   0x00000002   PAD
    0x080001c8   0x0000001c   Code   RO         1007    !!handler_zi        c_w.l(__scatter_zi.o)
    0x080001e4   0x00000000   Code   RO          768    .ARM.Collect$$_printf_percent$$00000000  c_w.l(_printf_percent.o)
    0x080001e4   0x00000006   Code   RO          766    .ARM.Collect$$_printf_percent$$00000009  c_w.l(_printf_d.o)
    0x080001ea   0x00000006   Code   RO          767    .ARM.Collect$$_printf_percent$$0000000A  c_w.l(_printf_u.o)
    0x080001f0   0x00000006   Code   RO          765    .ARM.Collect$$_printf_percent$$0000000C  c_w.l(_printf_x.o)
    0x080001f6   0x00000006   Code   RO          763    .ARM.Collect$$_printf_percent$$00000013  c_w.l(_printf_c.o)
    0x080001fc   0x00000006   Code   RO          764    .ARM.Collect$$_printf_percent$$00000014  c_w.l(_printf_s.o)
    0x08000202   0x00000004   Code   RO          832    .ARM.Collect$$_printf_percent$$00000017  c_w.l(_printf_percent_end.o)
    0x08000206   0x00000002   Code   RO          878    .ARM.Collect$$libinit$$00000000  c_w.l(libinit.o)
    0x08000208   0x00000000   Code   RO          885    .ARM.Collect$$libinit$$00000002  c_w.l(libinit2.o)
    0x08000208   0x00000000   Code   RO          887    .ARM.Collect$$libinit$$00000004  c_w.l(libinit2.o)
    0x08000208   0x00000000   Code   RO          890    .ARM.Collect$$libinit$$0000000A  c_w.l(libinit2.o)
    0x08000208   0x00000000   Code   RO          892    .ARM.Collect$$libinit$$0000000C  c_w.l(libinit2.o)
    0x08000208   0x00000000   Code   RO          894    .ARM.Collect$$libinit$$0000000E  c_w.l(libinit2.o)
    0x08000208   0x00000000   Code   RO          897    .ARM.Collect$$libinit$$00000011  c_w.l(libinit2.o)
    0x08000208   0x00000000   Code   RO          899    .ARM.Collect$$libinit$$00000013  c_w.l(libinit2.o)
    0x08000208   0x00000000   Code   RO          901    .ARM.Collect$$libinit$$00000015  c_w.l(libinit2.o)
    0x08000208   0x00000000   Code   RO          903    .ARM.Collect$$libinit$$00000017  c_w.l(libinit2.o)
    0x08000208   0x00000000   Code   RO          905    .ARM.Collect$$libinit$$00000019  c_w.l(libinit2.o)
    0x08000208   0x00000000   Code   RO          907    .ARM.Collect$$libinit$$0000001B  c_w.l(libinit2.o)
    0x08000208   0x00000000   Code   RO          909    .ARM.Collect$$libinit$$0000001D  c_w.l(libinit2.o)
    0x08000208   0x00000000   Code   RO          911    .ARM.Collect$$libinit$$0000001F  c_w.l(libinit2.o)
    0x08000208   0x00000000   Code   RO          913    .ARM.Collect$$libinit$$00000021  c_w.l(libinit2.o)
    0x08000208   0x00000000   Code   RO          915    .ARM.Collect$$libinit$$00000023  c_w.l(libinit2.o)
    0x08000208   0x00000000   Code   RO          917    .ARM.Collect$$libinit$$00000025  c_w.l(libinit2.o)
    0x08000208   0x00000000   Code   RO          921    .ARM.Collect$$libinit$$0000002C  c_w.l(libinit2.o)
    0x08000208   0x00000000   Code   RO          923    .ARM.Collect$$libinit$$0000002E  c_w.l(libinit2.o)
    0x08000208   0x00000000   Code   RO          925    .ARM.Collect$$libinit$$00000030  c_w.l(libinit2.o)
    0x08000208   0x00000000   Code   RO          927    .ARM.Collect$$libinit$$00000032  c_w.l(libinit2.o)
    0x08000208   0x00000002   Code   RO          928    .ARM.Collect$$libinit$$00000033  c_w.l(libinit2.o)
    0x0800020a   0x00000002   Code   RO          946    .ARM.Collect$$libshutdown$$00000000  c_w.l(libshutdown.o)
    0x0800020c   0x00000000   Code   RO          957    .ARM.Collect$$libshutdown$$00000003  c_w.l(libshutdown2.o)
    0x0800020c   0x00000000   Code   RO          960    .ARM.Collect$$libshutdown$$00000006  c_w.l(libshutdown2.o)
    0x0800020c   0x00000000   Code   RO          963    .ARM.Collect$$libshutdown$$00000009  c_w.l(libshutdown2.o)
    0x0800020c   0x00000000   Code   RO          965    .ARM.Collect$$libshutdown$$0000000B  c_w.l(libshutdown2.o)
    0x0800020c   0x00000000   Code   RO          968    .ARM.Collect$$libshutdown$$0000000E  c_w.l(libshutdown2.o)
    0x0800020c   0x00000002   Code   RO          969    .ARM.Collect$$libshutdown$$0000000F  c_w.l(libshutdown2.o)
    0x0800020e   0x00000000   Code   RO          825    .ARM.Collect$$rtentry$$00000000  c_w.l(__rtentry.o)
    0x0800020e   0x00000000   Code   RO          845    .ARM.Collect$$rtentry$$00000002  c_w.l(__rtentry2.o)
    0x0800020e   0x00000006   Code   RO          857    .ARM.Collect$$rtentry$$00000004  c_w.l(__rtentry4.o)
    0x08000214   0x00000000   Code   RO          847    .ARM.Collect$$rtentry$$00000009  c_w.l(__rtentry2.o)
    0x08000214   0x00000004   Code   RO          848    .ARM.Collect$$rtentry$$0000000A  c_w.l(__rtentry2.o)
    0x08000218   0x00000000   Code   RO          850    .ARM.Collect$$rtentry$$0000000C  c_w.l(__rtentry2.o)
    0x08000218   0x00000008   Code   RO          851    .ARM.Collect$$rtentry$$0000000D  c_w.l(__rtentry2.o)
    0x08000220   0x00000002   Code   RO          882    .ARM.Collect$$rtexit$$00000000  c_w.l(rtexit.o)
    0x08000222   0x00000000   Code   RO          930    .ARM.Collect$$rtexit$$00000002  c_w.l(rtexit2.o)
    0x08000222   0x00000004   Code   RO          931    .ARM.Collect$$rtexit$$00000003  c_w.l(rtexit2.o)
    0x08000226   0x00000006   Code   RO          932    .ARM.Collect$$rtexit$$00000004  c_w.l(rtexit2.o)
    0x0800022c   0x000000d8   Code   RO            1    .text               main.o
    0x08000304   0x0000001a   Code   RO          150    .text               stm32f10x_it.o
    0x0800031e   0x00000002   PAD
    0x08000320   0x000001e0   Code   RO          165    .text               system_stm32f10x.o
    0x08000500   0x00000040   Code   RO          197    .text               startup_stm32f10x_hd.o
    0x08000540   0x000000dc   Code   RO          201    .text               misc.o
    0x0800061c   0x0000044e   Code   RO          239    .text               stm32f10x_adc.o
    0x08000a6a   0x00000002   PAD
    0x08000a6c   0x0000035c   Code   RO          371    .text               stm32f10x_gpio.o
    0x08000dc8   0x000003a4   Code   RO          419    .text               stm32f10x_rcc.o
    0x0800116c   0x00000e1a   Code   RO          469    .text               stm32f10x_tim.o
    0x08001f86   0x00000002   PAD
    0x08001f88   0x00000408   Code   RO          481    .text               stm32f10x_usart.o
    0x08002390   0x000000d4   Code   RO          505    .text               delay.o
    0x08002464   0x00000140   Code   RO          535    .text               usart.o
    0x080025a4   0x00000160   Code   RO          558    .text               encoder.o
    0x08002704   0x00000178   Code   RO          570    .text               adc.o
    0x0800287c   0x000000c0   Code   RO          582    .text               motor.o
    0x0800293c   0x000002e4   Code   RO          594    .text               timer.o
    0x08002c20   0x00000180   Code   RO          610    .text               key.o
    0x08002da0   0x000001b0   Code   RO          626    .text               pid.o
    0x08002f50   0x000000a4   Code   RO          641    .text               pwm.o
    0x08002ff4   0x00000c2c   Code   RO          653    .text               usmart.o
    0x08003c20   0x00000528   Code   RO          694    .text               usmart_str.o
    0x08004148   0x00000002   Code   RO          708    .text               c_w.l(use_no_semi_2.o)
    0x0800414a   0x00000002   PAD
    0x0800414c   0x00000018   Code   RO          712    .text               c_w.l(noretval__2printf.o)
    0x08004164   0x0000004e   Code   RO          716    .text               c_w.l(_printf_pad.o)
    0x080041b2   0x00000052   Code   RO          718    .text               c_w.l(_printf_str.o)
    0x08004204   0x00000078   Code   RO          720    .text               c_w.l(_printf_dec.o)
    0x0800427c   0x00000058   Code   RO          725    .text               c_w.l(_printf_hex_int.o)
    0x080042d4   0x00000188   Code   RO          760    .text               c_w.l(__printf_flags_ss_wp.o)
    0x0800445c   0x00000006   Code   RO          769    .text               c_w.l(heapauxi.o)
    0x08004462   0x00000002   Code   RO          823    .text               c_w.l(use_no_semi.o)
    0x08004464   0x000000b2   Code   RO          826    .text               c_w.l(_printf_intcommon.o)
    0x08004516   0x0000002c   Code   RO          828    .text               c_w.l(_printf_char.o)
    0x08004542   0x00000002   PAD
    0x08004544   0x00000024   Code   RO          830    .text               c_w.l(_printf_char_file.o)
    0x08004568   0x00000030   Code   RO          859    .text               c_w.l(_printf_char_common.o)
    0x08004598   0x00000008   Code   RO          861    .text               c_w.l(ferror.o)
    0x080045a0   0x0000004a   Code   RO          867    .text               c_w.l(sys_stackheap_outer.o)
    0x080045ea   0x0000000c   Code   RO          871    .text               c_w.l(exit.o)
    0x080045f6   0x00000002   PAD
    0x080045f8   0x00000008   Code   RO          879    .text               c_w.l(libspace.o)
    0x08004600   0x0000000e   Code   RO          753    i._is_digit         c_w.l(__printf_wp.o)
    0x0800460e   0x00000002   PAD
    0x08004610   0x00000062   Code   RO          773    x$fpl$d2f           fz_ws.l(d2f.o)
    0x08004672   0x00000002   PAD
    0x08004674   0x00000150   Code   RO          775    x$fpl$dadd          fz_ws.l(daddsub_clz.o)
    0x080047c4   0x000002b0   Code   RO          782    x$fpl$ddiv          fz_ws.l(ddiv.o)
    0x08004a74   0x0000005e   Code   RO          785    x$fpl$dfix          fz_ws.l(dfix.o)
    0x08004ad2   0x0000002e   Code   RO          790    x$fpl$dflt          fz_ws.l(dflt_clz.o)
    0x08004b00   0x00000154   Code   RO          795    x$fpl$dmul          fz_ws.l(dmul.o)
    0x08004c54   0x0000009c   Code   RO          833    x$fpl$dnaninf       fz_ws.l(dnaninf.o)
    0x08004cf0   0x0000000c   Code   RO          835    x$fpl$dretinf       fz_ws.l(dretinf.o)
    0x08004cfc   0x000001d4   Code   RO          777    x$fpl$dsub          fz_ws.l(daddsub_clz.o)
    0x08004ed0   0x00000056   Code   RO          797    x$fpl$f2d           fz_ws.l(f2d.o)
    0x08004f26   0x00000002   PAD
    0x08004f28   0x000000c4   Code   RO          799    x$fpl$fadd          fz_ws.l(faddsub_clz.o)
    0x08004fec   0x00000018   Code   RO          865    x$fpl$fcmpinf       fz_ws.l(fcmpi.o)
    0x08005004   0x00000036   Code   RO          805    x$fpl$ffix          fz_ws.l(ffix.o)
    0x0800503a   0x00000002   PAD
    0x0800503c   0x0000003e   Code   RO          809    x$fpl$ffixu         fz_ws.l(ffixu.o)
    0x0800507a   0x00000002   PAD
    0x0800507c   0x00000030   Code   RO          814    x$fpl$fflt          fz_ws.l(fflt_clz.o)
    0x080050ac   0x00000068   Code   RO          837    x$fpl$fleqf         fz_ws.l(fleqf.o)
    0x08005114   0x00000102   Code   RO          819    x$fpl$fmul          fz_ws.l(fmul.o)
    0x08005216   0x0000008c   Code   RO          839    x$fpl$fnaninf       fz_ws.l(fnaninf.o)
    0x080052a2   0x0000000a   Code   RO          841    x$fpl$fretinf       fz_ws.l(fretinf.o)
    0x080052ac   0x00000062   Code   RO          821    x$fpl$frleqf        fz_ws.l(frleqf.o)
    0x0800530e   0x00000014   Code   RO          800    x$fpl$frsb          fz_ws.l(faddsub_clz.o)
    0x08005322   0x00000002   PAD
    0x08005324   0x000000ea   Code   RO          801    x$fpl$fsub          fz_ws.l(faddsub_clz.o)
    0x0800540e   0x00000000   Code   RO          843    x$fpl$usenofp       fz_ws.l(usenofp.o)
    0x0800540e   0x00000028   Data   RO          726    .constdata          c_w.l(_printf_hex_int.o)
    0x08005436   0x00000011   Data   RO          761    .constdata          c_w.l(__printf_flags_ss_wp.o)
    0x08005447   0x00000001   PAD
    0x08005448   0x00000028   Data   RO          654    .conststring        usmart.o
    0x08005470   0x000000b6   Data   RO          681    .conststring        usmart_config.o
    0x08005526   0x00000002   PAD
    0x08005528   0x00000020   Data   RO         1001    Region$$Table       anon$$obj.o


    Execution Region RW_IRAM1 (Base: 0x20000000, Size: 0x00000920, Max: 0x0000c000, ABSOLUTE, COMPRESSED[0x0000008c])

    Base Addr    Size         Type   Attr      Idx    E Section Name        Object

    0x20000000   0x0000000c   Data   RW            2    .data               main.o
    0x2000000c   0x00000014   Data   RW          166    .data               system_stm32f10x.o
    0x20000020   0x00000014   Data   RW          420    .data               stm32f10x_rcc.o
    0x20000034   0x00000004   Data   RW          506    .data               delay.o
    0x20000038   0x00000006   Data   RW          537    .data               usart.o
    0x2000003e   0x00000002   PAD
    0x20000040   0x00000040   Data   RW          595    .data               timer.o
    0x20000080   0x00000001   Data   RW          611    .data               key.o
    0x20000081   0x00000003   PAD
    0x20000084   0x00000034   Data   RW          627    .data               pid.o
    0x200000b8   0x0000001c   Data   RW          655    .data               usmart.o
    0x200000d4   0x00000124   Data   RW          682    .data               usmart_config.o
    0x200001f8   0x000000c8   Zero   RW          536    .bss                usart.o
    0x200002c0   0x00000060   Zero   RW          880    .bss                c_w.l(libspace.o)
    0x20000320   0x00000200   Zero   RW          195    HEAP                startup_stm32f10x_hd.o
    0x20000520   0x00000400   Zero   RW          194    STACK               startup_stm32f10x_hd.o


==============================================================================

Image component sizes


      Code (inc. data)   RO Data    RW Data    ZI Data      Debug   Object Name

       376         20          0          0          0       1101   adc.o
         0          0          0          0          0         32   core_cm3.o
       212         18          0          4          0       1035   delay.o
       352         12          0          0          0       1815   encoder.o
       384         18          0          1          0        896   key.o
       216         38          0         12          0      48939   main.o
       220         22          0          0          0     215653   misc.o
       192          8          0          0          0       1150   motor.o
       432         70          0         52          0       1785   pid.o
       164          8          0          0          0        732   pwm.o
        64         26        304          0       1536        800   startup_stm32f10x_hd.o
      1102         26          0          0          0      10849   stm32f10x_adc.o
       860         38          0          0          0       5657   stm32f10x_gpio.o
        26          0          0          0          0       1186   stm32f10x_it.o
       932         36          0         20          0       8836   stm32f10x_rcc.o
      3610         88          0          0          0      22144   stm32f10x_tim.o
      1032         22          0          0          0       8384   stm32f10x_usart.o
       480         38          0         20          0       1755   system_stm32f10x.o
       740         84          0         64          0       1904   timer.o
       320         16          0          6        200       3170   usart.o
      3116       1290         40         28          0       4290   usmart.o
         0          0        182        292          0       1624   usmart_config.o
      1320         12          0          0          0       5065   usmart_str.o

    ----------------------------------------------------------------------
     16156       1890        560        504       1736     348802   Object Totals
         0          0         32          0          0          0   (incl. Generated)
         6          0          2          5          0          0   (incl. Padding)

    ----------------------------------------------------------------------

      Code (inc. data)   RO Data    RW Data    ZI Data      Debug   Library Member Name

        90          0          0          0          0          0   __dczerorl2.o
         8          0          0          0          0         68   __main.o
       392          4         17          0          0         92   __printf_flags_ss_wp.o
        14          0          0          0          0         68   __printf_wp.o
         0          0          0          0          0          0   __rtentry.o
        12          0          0          0          0          0   __rtentry2.o
         6          0          0          0          0          0   __rtentry4.o
        52          8          0          0          0          0   __scatter.o
        28          0          0          0          0          0   __scatter_zi.o
         6          0          0          0          0          0   _printf_c.o
        44          0          0          0          0        108   _printf_char.o
        48          6          0          0          0         96   _printf_char_common.o
        36          4          0          0          0         80   _printf_char_file.o
         6          0          0          0          0          0   _printf_d.o
       120         16          0          0          0         92   _printf_dec.o
        88          4         40          0          0         88   _printf_hex_int.o
       178          0          0          0          0         88   _printf_intcommon.o
        78          0          0          0          0        108   _printf_pad.o
         0          0          0          0          0          0   _printf_percent.o
         4          0          0          0          0          0   _printf_percent_end.o
         6          0          0          0          0          0   _printf_s.o
        82          0          0          0          0         80   _printf_str.o
         6          0          0          0          0          0   _printf_u.o
         6          0          0          0          0          0   _printf_x.o
        12          0          0          0          0         72   exit.o
         8          0          0          0          0         68   ferror.o
         6          0          0          0          0        152   heapauxi.o
         2          0          0          0          0          0   libinit.o
         2          0          0          0          0          0   libinit2.o
         2          0          0          0          0          0   libshutdown.o
         2          0          0          0          0          0   libshutdown2.o
         8          4          0          0         96         68   libspace.o
        24          4          0          0          0         84   noretval__2printf.o
         2          0          0          0          0          0   rtexit.o
        10          0          0          0          0          0   rtexit2.o
        74          0          0          0          0         80   sys_stackheap_outer.o
         2          0          0          0          0         68   use_no_semi.o
         2          0          0          0          0         68   use_no_semi_2.o
        98          4          0          0          0         92   d2f.o
       804         16          0          0          0        272   daddsub_clz.o
       688        140          0          0          0        208   ddiv.o
        94          4          0          0          0         92   dfix.o
        46          0          0          0          0         68   dflt_clz.o
       340         12          0          0          0        104   dmul.o
       156          4          0          0          0         92   dnaninf.o
        12          0          0          0          0         68   dretinf.o
        86          4          0          0          0         84   f2d.o
       450          8          0          0          0        236   faddsub_clz.o
        24          0          0          0          0         68   fcmpi.o
        54          4          0          0          0         84   ffix.o
        62          4          0          0          0         84   ffixu.o
        48          0          0          0          0         68   fflt_clz.o
       104          4          0          0          0         84   fleqf.o
       258          4          0          0          0         84   fmul.o
       140          4          0          0          0         84   fnaninf.o
        10          0          0          0          0         68   fretinf.o
        98          0          0          0          0         68   frleqf.o
         0          0          0          0          0          0   usenofp.o

    ----------------------------------------------------------------------
      5058        262         58          0         96       3636   Library Totals
        20          0          1          0          0          0   (incl. Padding)

    ----------------------------------------------------------------------

      Code (inc. data)   RO Data    RW Data    ZI Data      Debug   Library Name

      1466         50         57          0         96       1628   c_w.l
      3572        212          0          0          0       2008   fz_ws.l

    ----------------------------------------------------------------------
      5058        262         58          0         96       3636   Library Totals

    ----------------------------------------------------------------------

==============================================================================


      Code (inc. data)   RO Data    RW Data    ZI Data      Debug   

     21214       2152        618        504       1832     348742   Grand Totals
     21214       2152        618        140       1832     348742   ELF Image Totals (compressed)
     21214       2152        618        140          0          0   ROM Totals

==============================================================================

    Total RO  Size (Code + RO Data)                21832 (  21.32kB)
    Total RW  Size (RW Data + ZI Data)              2336 (   2.28kB)
    Total ROM Size (Code + RO Data + RW Data)      21972 (  21.46kB)

==============================================================================

